Archive member included to satisfy reference by file (symbol)

/mnt/flame/soft/stm32/toolchain/lib/gcc/arm-none-eabi/4.9.2/libgcc.a(_lshrdi3.o)
                              obj/stm32f3xx_hal_flash.o (__aeabi_llsr)
/mnt/flame/soft/stm32/toolchain/lib/gcc/arm-none-eabi/4.9.2/libgcc.a(_arm_addsubdf3.o)
                              obj/adc.o (__aeabi_f2d)
/mnt/flame/soft/stm32/toolchain/lib/gcc/arm-none-eabi/4.9.2/libgcc.a(_arm_muldivdf3.o)
                              obj/adc.o (__aeabi_dmul)
/mnt/flame/soft/stm32/toolchain/lib/gcc/arm-none-eabi/4.9.2/libgcc.a(_arm_fixdfsi.o)
                              obj/adc.o (__aeabi_d2iz)
/mnt/flame/soft/stm32/toolchain/lib/gcc/arm-none-eabi/4.9.2/../../../../arm-none-eabi/lib/libc.a(lib_a-atexit.o)
                              /mnt/flame/soft/stm32/toolchain/lib/gcc/arm-none-eabi/4.9.2/../../../../arm-none-eabi/lib/crt0.o (atexit)
/mnt/flame/soft/stm32/toolchain/lib/gcc/arm-none-eabi/4.9.2/../../../../arm-none-eabi/lib/libc.a(lib_a-exit.o)
                              /mnt/flame/soft/stm32/toolchain/lib/gcc/arm-none-eabi/4.9.2/../../../../arm-none-eabi/lib/crt0.o (exit)
/mnt/flame/soft/stm32/toolchain/lib/gcc/arm-none-eabi/4.9.2/../../../../arm-none-eabi/lib/libc.a(lib_a-fini.o)
                              /mnt/flame/soft/stm32/toolchain/lib/gcc/arm-none-eabi/4.9.2/../../../../arm-none-eabi/lib/crt0.o (__libc_fini_array)
/mnt/flame/soft/stm32/toolchain/lib/gcc/arm-none-eabi/4.9.2/../../../../arm-none-eabi/lib/libc.a(lib_a-impure.o)
                              /mnt/flame/soft/stm32/toolchain/lib/gcc/arm-none-eabi/4.9.2/../../../../arm-none-eabi/lib/libc.a(lib_a-exit.o) (_global_impure_ptr)
/mnt/flame/soft/stm32/toolchain/lib/gcc/arm-none-eabi/4.9.2/../../../../arm-none-eabi/lib/libc.a(lib_a-init.o)
                              /mnt/flame/soft/stm32/toolchain/lib/gcc/arm-none-eabi/4.9.2/../../../../arm-none-eabi/lib/crt0.o (__libc_init_array)
/mnt/flame/soft/stm32/toolchain/lib/gcc/arm-none-eabi/4.9.2/../../../../arm-none-eabi/lib/libc.a(lib_a-memset.o)
                              /mnt/flame/soft/stm32/toolchain/lib/gcc/arm-none-eabi/4.9.2/../../../../arm-none-eabi/lib/crt0.o (memset)
/mnt/flame/soft/stm32/toolchain/lib/gcc/arm-none-eabi/4.9.2/../../../../arm-none-eabi/lib/libc.a(lib_a-syscalls.o)
                              /mnt/flame/soft/stm32/toolchain/lib/gcc/arm-none-eabi/4.9.2/../../../../arm-none-eabi/lib/crt0.o (initialise_monitor_handles)
/mnt/flame/soft/stm32/toolchain/lib/gcc/arm-none-eabi/4.9.2/../../../../arm-none-eabi/lib/libc.a(lib_a-__atexit.o)
                              /mnt/flame/soft/stm32/toolchain/lib/gcc/arm-none-eabi/4.9.2/../../../../arm-none-eabi/lib/libc.a(lib_a-atexit.o) (__register_exitproc)
/mnt/flame/soft/stm32/toolchain/lib/gcc/arm-none-eabi/4.9.2/../../../../arm-none-eabi/lib/libc.a(lib_a-__call_atexit.o)
                              /mnt/flame/soft/stm32/toolchain/lib/gcc/arm-none-eabi/4.9.2/../../../../arm-none-eabi/lib/libc.a(lib_a-exit.o) (__call_exitprocs)
/mnt/flame/soft/stm32/toolchain/lib/gcc/arm-none-eabi/4.9.2/../../../../arm-none-eabi/lib/libc.a(lib_a-errno.o)
                              /mnt/flame/soft/stm32/toolchain/lib/gcc/arm-none-eabi/4.9.2/../../../../arm-none-eabi/lib/libc.a(lib_a-syscalls.o) (__errno)
/mnt/flame/soft/stm32/toolchain/lib/gcc/arm-none-eabi/4.9.2/../../../../arm-none-eabi/lib/libc.a(lib_a-findfp.o)
                              /mnt/flame/soft/stm32/toolchain/lib/gcc/arm-none-eabi/4.9.2/../../../../arm-none-eabi/lib/libc.a(lib_a-syscalls.o) (__sinit)
/mnt/flame/soft/stm32/toolchain/lib/gcc/arm-none-eabi/4.9.2/../../../../arm-none-eabi/lib/libc.a(lib_a-fwalk.o)
                              /mnt/flame/soft/stm32/toolchain/lib/gcc/arm-none-eabi/4.9.2/../../../../arm-none-eabi/lib/libc.a(lib_a-findfp.o) (_fwalk)
/mnt/flame/soft/stm32/toolchain/lib/gcc/arm-none-eabi/4.9.2/../../../../arm-none-eabi/lib/libc.a(lib_a-mallocr.o)
                              /mnt/flame/soft/stm32/toolchain/lib/gcc/arm-none-eabi/4.9.2/../../../../arm-none-eabi/lib/libc.a(lib_a-findfp.o) (_malloc_r)
/mnt/flame/soft/stm32/toolchain/lib/gcc/arm-none-eabi/4.9.2/../../../../arm-none-eabi/lib/libc.a(lib_a-mlock.o)
                              /mnt/flame/soft/stm32/toolchain/lib/gcc/arm-none-eabi/4.9.2/../../../../arm-none-eabi/lib/libc.a(lib_a-mallocr.o) (__malloc_lock)
/mnt/flame/soft/stm32/toolchain/lib/gcc/arm-none-eabi/4.9.2/../../../../arm-none-eabi/lib/libc.a(lib_a-sbrkr.o)
                              /mnt/flame/soft/stm32/toolchain/lib/gcc/arm-none-eabi/4.9.2/../../../../arm-none-eabi/lib/libc.a(lib_a-mallocr.o) (_sbrk_r)
/mnt/flame/soft/stm32/toolchain/lib/gcc/arm-none-eabi/4.9.2/../../../../arm-none-eabi/lib/libc.a(lib_a-stdio.o)
                              /mnt/flame/soft/stm32/toolchain/lib/gcc/arm-none-eabi/4.9.2/../../../../arm-none-eabi/lib/libc.a(lib_a-findfp.o) (__sread)
/mnt/flame/soft/stm32/toolchain/lib/gcc/arm-none-eabi/4.9.2/../../../../arm-none-eabi/lib/libc.a(lib_a-strlen.o)
[...]
Memory Configuration

Name             Origin             Length             Attributes
FLASH            0x0000000008000000 0x0000000000010000 xr
RAM              0x0000000020000000 0x0000000000003000 xrw
MEMORY_B1        0x0000000060000000 0x0000000000000000 xr
CCMRAM           0x0000000010000000 0x0000000000002000 rw
*default*        0x0000000000000000 0xffffffffffffffff

Linker script and memory map

LOAD /mnt/flame/soft/stm32/toolchain/lib/gcc/arm-none-eabi/4.9.2/crti.o
LOAD /mnt/flame/soft/stm32/toolchain/lib/gcc/arm-none-eabi/4.9.2/crtbegin.o
LOAD /mnt/flame/soft/stm32/toolchain/lib/gcc/arm-none-eabi/4.9.2/../../../../arm-none-eabi/lib/crt0.o
START GROUP
LOAD /mnt/flame/soft/stm32/toolchain/lib/gcc/arm-none-eabi/4.9.2/../../../../arm-none-eabi/lib/libm.a
END GROUP
                0x0000000000001000                malloc_getpagesize_P = 0x1000
LOAD obj/main.o
LOAD obj/misc.o
LOAD obj/led.o
LOAD obj/adc.o
LOAD obj/dac.o
LOAD obj/button.o
LOAD obj/timer.o
LOAD obj/system_stm32f3xx.o
LOAD obj/startup_stm32f334x8.o
LOAD obj/stm32f3xx_it.o
LOAD obj/stm32f3xx_hal_rcc.o
LOAD obj/stm32f3xx_hal_rcc_ex.o
LOAD obj/stm32f3xx_hal_gpio.o
LOAD obj/stm32f3xx_hal_cortex.o
LOAD obj/stm32f3xx_hal_adc.o
LOAD obj/stm32f3xx_hal_adc_ex.o
LOAD obj/stm32f3xx_hal_dac.o
LOAD obj/stm32f3xx_hal_dac_ex.o
LOAD obj/stm32f3xx_hal_flash.o
LOAD obj/stm32f3xx_hal_tim.o
LOAD obj/stm32f3xx_hal_tim_ex.o
LOAD obj/stm32f3xx_hal.o
LOAD obj/stm32f3xx_nucleo.o
START GROUP
LOAD /mnt/flame/soft/stm32/toolchain/lib/gcc/arm-none-eabi/4.9.2/libgcc.a
LOAD /mnt/flame/soft/stm32/toolchain/lib/gcc/arm-none-eabi/4.9.2/../../../../arm-none-eabi/lib/libc.a
END GROUP
LOAD /mnt/flame/soft/stm32/toolchain/lib/gcc/arm-none-eabi/4.9.2/crtend.o
LOAD /mnt/flame/soft/stm32/toolchain/lib/gcc/arm-none-eabi/4.9.2/crtn.o
                0x0000000020003000                _estack = 0x20003000
                0x0000000000000000                _Min_Heap_Size = 0x0
                0x0000000000000080                _Min_Stack_Size = 0x80

.isr_vector     0x0000000008000000      0x188
                0x0000000008000000                . = ALIGN (0x4)
 *(.isr_vector)
 .isr_vector    0x0000000008000000      0x188 obj/startup_stm32f334x8.o
                0x0000000008000000                g_pfnVectors
                0x0000000008000188                . = ALIGN (0x4)

.text           0x0000000008000188     0x242c
                0x0000000008000188                . = ALIGN (0x4)
 *(.text)
 .text          0x0000000008000188       0xa4 /mnt/flame/soft/stm32/toolchain/lib/gcc/arm-none-eabi/4.9.2/crtbegin.o
 .text          0x000000000800022c      0x370 /mnt/flame/soft/stm32/toolchain/lib/gcc/arm-none-eabi/4.9.2/libgcc.a(_arm_addsubdf3.o)
                0x000000000800022c                __aeabi_drsub
                0x0000000008000234                __aeabi_dsub
                0x0000000008000234                __subdf3
                0x0000000008000238                __adddf3
                0x0000000008000238                __aeabi_dadd
                0x00000000080004b0                __aeabi_ui2d
                0x00000000080004b0                __floatunsidf
                0x00000000080004d0                __floatsidf
                0x00000000080004d0                __aeabi_i2d
                0x00000000080004f4                __extendsfdf2
                0x00000000080004f4                __aeabi_f2d
                0x0000000008000530                __aeabi_ul2d
                0x0000000008000530                __floatundidf
                0x0000000008000540                __floatdidf
                0x0000000008000540                __aeabi_l2d
 .text          0x000000000800059c      0x424 /mnt/flame/soft/stm32/toolchain/lib/gcc/arm-none-eabi/4.9.2/libgcc.a(_arm_muldivdf3.o)
                0x000000000800059c                __aeabi_dmul
                0x000000000800059c                __muldf3
                0x00000000080007f0                __aeabi_ddiv
                0x00000000080007f0                __divdf3
 .text          0x00000000080009c0       0x50 /mnt/flame/soft/stm32/toolchain/lib/gcc/arm-none-eabi/4.9.2/libgcc.a(_arm_fixdfsi.o)
                0x00000000080009c0                __fixdfsi
                0x00000000080009c0                __aeabi_d2iz
 .text          0x0000000008000a10       0x70 /mnt/flame/soft/stm32/toolchain/lib/gcc/arm-none-eabi/4.9.2/../../../../arm-none-eabi/lib/libc.a(lib_a-init.o)
                0x0000000008000a10                __libc_init_array
 *(.text*)
 .text.startup.main
                0x0000000008000a80       0x30 obj/main.o
                0x0000000008000a80                main
 .text.Error_Handler
                0x0000000008000ab0       0x32 obj/misc.o
                0x0000000008000ab0                Error_Handler
 *fill*         0x0000000008000ae2        0x2 
 .text.LED_Init
                0x0000000008000ae4       0x3c obj/led.o
                0x0000000008000ae4                LED_Init
 .text.LED1_ON  0x0000000008000b20       0x10 obj/led.o
                0x0000000008000b20                LED1_ON
 .text.LED1_OFF
                0x0000000008000b30       0x10 obj/led.o
                0x0000000008000b30                LED1_OFF
 .text.LED2_ON  0x0000000008000b40       0x10 obj/led.o
                0x0000000008000b40                LED2_ON
 .text.LED2_OFF
                0x0000000008000b50       0x10 obj/led.o
                0x0000000008000b50                LED2_OFF
 .text.ADC_Init
                0x0000000008000b60       0x84 obj/adc.o
                0x0000000008000b60                ADC_Init
 *fill*         0x0000000008000be4        0x4 
 .text.ADC1_2_IRQHandler
                0x0000000008000be8       0xc8 obj/adc.o
                0x0000000008000be8                ADC1_2_IRQHandler
 .text.HAL_ADC_MspInit
                0x0000000008000cb0       0x44 obj/adc.o
                0x0000000008000cb0                HAL_ADC_MspInit
 .text.DAC_Init
                0x0000000008000cf4       0x4c obj/dac.o
                0x0000000008000cf4                DAC_Init
 .text.DAC_SetValue12
                0x0000000008000d40       0x10 obj/dac.o
                0x0000000008000d40                DAC_SetValue12
 .text.HAL_DAC_MspInit
                0x0000000008000d50       0x38 obj/dac.o
                0x0000000008000d50                HAL_DAC_MspInit
 .text.Button1_Init
                0x0000000008000d88       0x34 obj/button.o
                0x0000000008000d88                Button1_Init
 .text.Button1_Pressed
                0x0000000008000dbc       0x1c obj/button.o
                0x0000000008000dbc                Button1_Pressed
 .text.EXTI15_10_IRQHandler
                0x0000000008000dd8       0x10 obj/button.o
                0x0000000008000dd8                EXTI15_10_IRQHandler
 .text.EXTI1_IRQHandler
                0x0000000008000de8       0x14 obj/button.o
                0x0000000008000de8                EXTI1_IRQHandler
 .text.EXTI3_IRQHandler
                0x0000000008000dfc       0x10 obj/button.o
                0x0000000008000dfc                EXTI3_IRQHandler
 .text.TIM2_IRQHandler
                0x0000000008000e0c        0xc obj/timer.o
                0x0000000008000e0c                TIM2_IRQHandler
 .text.SystemInit
                0x0000000008000e18       0x68 obj/system_stm32f3xx.o
                0x0000000008000e18                SystemInit
 .text.SystemClock_Config
                0x0000000008000e80       0x44 obj/system_stm32f3xx.o
                0x0000000008000e80                SystemClock_Config
 .text.Reset_Handler
                0x0000000008000ec4       0x50 obj/startup_stm32f334x8.o
                0x0000000008000ec4                Reset_Handler
 .text.Default_Handler
                0x0000000008000f14        0x2 obj/startup_stm32f334x8.o
                0x0000000008000f14                RTC_Alarm_IRQHandler
                0x0000000008000f14                HRTIM1_Master_IRQHandler
                0x0000000008000f14                TIM1_CC_IRQHandler
                0x0000000008000f14                HRTIM1_FLT_IRQHandler
                0x0000000008000f14                PVD_IRQHandler
                0x0000000008000f14                HRTIM1_TIMD_IRQHandler
                0x0000000008000f14                TAMP_STAMP_IRQHandler
                0x0000000008000f14                EXTI0_IRQHandler
                0x0000000008000f14                FPU_IRQHandler
                0x0000000008000f14                CAN_TX_IRQHandler
                0x0000000008000f14                TIM1_UP_TIM16_IRQHandler
                0x0000000008000f14                HRTIM1_TIME_IRQHandler
                0x0000000008000f14                SPI1_IRQHandler
                0x0000000008000f14                CAN_SCE_IRQHandler
                0x0000000008000f14                HRTIM1_TIMC_IRQHandler
                0x0000000008000f14                DMA1_Channel4_IRQHandler
                0x0000000008000f14                USART3_IRQHandler
                0x0000000008000f14                DMA1_Channel7_IRQHandler
                0x0000000008000f14                TIM7_DAC2_IRQHandler
                0x0000000008000f14                CAN_RX1_IRQHandler
                0x0000000008000f14                I2C1_EV_IRQHandler
                0x0000000008000f14                DMA1_Channel6_IRQHandler
                0x0000000008000f14                TIM3_IRQHandler
                0x0000000008000f14                RCC_IRQHandler
                0x0000000008000f14                DMA1_Channel1_IRQHandler
                0x0000000008000f14                Default_Handler
                0x0000000008000f14                COMP2_IRQHandler
                0x0000000008000f14                HRTIM1_TIMA_IRQHandler
                0x0000000008000f14                TIM6_DAC1_IRQHandler
                0x0000000008000f14                EXTI9_5_IRQHandler
                0x0000000008000f14                RTC_WKUP_IRQHandler
                0x0000000008000f14                DMA1_Channel5_IRQHandler
                0x0000000008000f14                EXTI4_IRQHandler
                0x0000000008000f14                HRTIM1_TIMB_IRQHandler
                0x0000000008000f14                TIM1_TRG_COM_TIM17_IRQHandler
                0x0000000008000f14                DMA1_Channel3_IRQHandler
                0x0000000008000f14                WWDG_IRQHandler
                0x0000000008000f14                COMP4_6_IRQHandler
                0x0000000008000f14                USART2_IRQHandler
                0x0000000008000f14                DMA1_Channel2_IRQHandler
                0x0000000008000f14                FLASH_IRQHandler
                0x0000000008000f14                USART1_IRQHandler
                0x0000000008000f14                CAN_RX0_IRQHandler
                0x0000000008000f14                I2C1_ER_IRQHandler
                0x0000000008000f14                EXTI2_TSC_IRQHandler
                0x0000000008000f14                TIM1_BRK_TIM15_IRQHandler
 .text.NMI_Handler
                0x0000000008000f16        0x2 obj/stm32f3xx_it.o
                0x0000000008000f16                NMI_Handler
 .text.HardFault_Handler
                0x0000000008000f18        0x2 obj/stm32f3xx_it.o
                0x0000000008000f18                HardFault_Handler
 .text.MemManage_Handler
                0x0000000008000f1a        0x2 obj/stm32f3xx_it.o
                0x0000000008000f1a                MemManage_Handler
 .text.BusFault_Handler
                0x0000000008000f1c        0x2 obj/stm32f3xx_it.o
                0x0000000008000f1c                BusFault_Handler
 .text.UsageFault_Handler
                0x0000000008000f1e        0x2 obj/stm32f3xx_it.o
                0x0000000008000f1e                UsageFault_Handler
 .text.SVC_Handler
                0x0000000008000f20        0x2 obj/stm32f3xx_it.o
                0x0000000008000f20                SVC_Handler
 .text.DebugMon_Handler
                0x0000000008000f22        0x2 obj/stm32f3xx_it.o
                0x0000000008000f22                DebugMon_Handler
 .text.PendSV_Handler
                0x0000000008000f24        0x2 obj/stm32f3xx_it.o
                0x0000000008000f24                PendSV_Handler
 .text.SysTick_Handler
                0x0000000008000f26        0x4 obj/stm32f3xx_it.o
                0x0000000008000f26                SysTick_Handler
 *fill*         0x0000000008000f2a        0x2 
 .text.HAL_RCC_ClockConfig
                0x0000000008000f2c      0x2c4 obj/stm32f3xx_hal_rcc.o
                0x0000000008000f2c                HAL_RCC_ClockConfig
 .text.HAL_RCC_GetHCLKFreq
                0x00000000080011f0       0x38 obj/stm32f3xx_hal_rcc.o
                0x00000000080011f0                HAL_RCC_GetHCLKFreq
 .text.HAL_RCC_OscConfig
                0x0000000008001228      0x5dc obj/stm32f3xx_hal_rcc_ex.o
                0x0000000008001228                HAL_RCC_OscConfig
 .text.HAL_RCC_GetSysClockFreq
                0x0000000008001804       0x6c obj/stm32f3xx_hal_rcc_ex.o
                0x0000000008001804                HAL_RCC_GetSysClockFreq
 .text.HAL_GPIO_Init
                0x0000000008001870      0x18c obj/stm32f3xx_hal_gpio.o
                0x0000000008001870                HAL_GPIO_Init
 .text.HAL_GPIO_WritePin
                0x00000000080019fc        0xa obj/stm32f3xx_hal_gpio.o
                0x00000000080019fc                HAL_GPIO_WritePin
 *fill*         0x0000000008001a06        0x2 
 .text.HAL_NVIC_SetPriorityGrouping
                0x0000000008001a08       0x24 obj/stm32f3xx_hal_cortex.o
                0x0000000008001a08                HAL_NVIC_SetPriorityGrouping
 .text.HAL_NVIC_SetPriority
                0x0000000008001a2c       0x60 obj/stm32f3xx_hal_cortex.o
                0x0000000008001a2c                HAL_NVIC_SetPriority
 .text.HAL_NVIC_EnableIRQ
                0x0000000008001a8c       0x18 obj/stm32f3xx_hal_cortex.o
                0x0000000008001a8c                HAL_NVIC_EnableIRQ
 .text.HAL_SYSTICK_Config
                0x0000000008001aa4       0x2c obj/stm32f3xx_hal_cortex.o
                0x0000000008001aa4                HAL_SYSTICK_Config
 .text.HAL_ADC_ConvCpltCallback
                0x0000000008001ad0        0x2 obj/stm32f3xx_hal_adc.o
                0x0000000008001ad0                HAL_ADC_ConvCpltCallback
 .text.HAL_ADC_LevelOutOfWindowCallback
                0x0000000008001ad2        0x2 obj/stm32f3xx_hal_adc.o
                0x0000000008001ad2                HAL_ADC_LevelOutOfWindowCallback
 .text.HAL_ADC_ErrorCallback
                0x0000000008001ad4        0x2 obj/stm32f3xx_hal_adc.o
                0x0000000008001ad4                HAL_ADC_ErrorCallback
 .text.ADC_Disable
                0x0000000008001ad6       0x6c obj/stm32f3xx_hal_adc_ex.o
 *fill*         0x0000000008001b42        0x2 
 .text.ADC_Enable
                0x0000000008001b44       0x58 obj/stm32f3xx_hal_adc_ex.o
 .text.HAL_ADC_Init
                0x0000000008001b9c      0x16c obj/stm32f3xx_hal_adc_ex.o
                0x0000000008001b9c                HAL_ADC_Init
 .text.HAL_ADC_Start_IT
                0x0000000008001d08       0x78 obj/stm32f3xx_hal_adc_ex.o
                0x0000000008001d08                HAL_ADC_Start_IT
 .text.HAL_ADC_GetValue
                0x0000000008001d80        0xa obj/stm32f3xx_hal_adc_ex.o
                0x0000000008001d80                HAL_ADC_GetValue
 .text.HAL_ADCEx_InjectedConvCpltCallback
                0x0000000008001d8a        0x2 obj/stm32f3xx_hal_adc_ex.o
                0x0000000008001d8a                HAL_ADCEx_InjectedConvCpltCallback
 .text.HAL_ADCEx_InjectedQueueOverflowCallback
                0x0000000008001d8c        0x2 obj/stm32f3xx_hal_adc_ex.o
                0x0000000008001d8c                HAL_ADCEx_InjectedQueueOverflowCallback
 .text.HAL_ADC_IRQHandler
                0x0000000008001d8e      0x1b4 obj/stm32f3xx_hal_adc_ex.o
                0x0000000008001d8e                HAL_ADC_IRQHandler
 *fill*         0x0000000008001f42        0x2 
 .text.HAL_ADC_ConfigChannel
                0x0000000008001f44      0x2d8 obj/stm32f3xx_hal_adc_ex.o
                0x0000000008001f44                HAL_ADC_ConfigChannel
 .text.HAL_DAC_Init
                0x000000000800221c       0x20 obj/stm32f3xx_hal_dac.o
                0x000000000800221c                HAL_DAC_Init
 .text.HAL_DAC_ConfigChannel
                0x000000000800223c       0x3e obj/stm32f3xx_hal_dac.o
                0x000000000800223c                HAL_DAC_ConfigChannel
 .text.HAL_DAC_SetValue
                0x000000000800227a       0x24 obj/stm32f3xx_hal_dac_ex.o
                0x000000000800227a                HAL_DAC_SetValue
 .text.HAL_DAC_Start
                0x000000000800229e       0x5a obj/stm32f3xx_hal_dac_ex.o
                0x000000000800229e                HAL_DAC_Start
 .text.HAL_TIM_PeriodElapsedCallback
                0x00000000080022f8        0x2 obj/stm32f3xx_hal_tim.o
                0x00000000080022f8                HAL_TIM_PeriodElapsedCallback
 .text.HAL_TIM_OC_DelayElapsedCallback
                0x00000000080022fa        0x2 obj/stm32f3xx_hal_tim.o
                0x00000000080022fa                HAL_TIM_OC_DelayElapsedCallback
 .text.HAL_TIM_IC_CaptureCallback
                0x00000000080022fc        0x2 obj/stm32f3xx_hal_tim.o
                0x00000000080022fc                HAL_TIM_IC_CaptureCallback
 .text.HAL_TIM_PWM_PulseFinishedCallback
                0x00000000080022fe        0x2 obj/stm32f3xx_hal_tim.o
                0x00000000080022fe                HAL_TIM_PWM_PulseFinishedCallback
 .text.HAL_TIM_TriggerCallback
                0x0000000008002300        0x2 obj/stm32f3xx_hal_tim.o
                0x0000000008002300                HAL_TIM_TriggerCallback
 .text.HAL_TIM_IRQHandler
                0x0000000008002302      0x144 obj/stm32f3xx_hal_tim.o
                0x0000000008002302                HAL_TIM_IRQHandler
 .text.HAL_TIMEx_CommutationCallback
                0x0000000008002446        0x2 obj/stm32f3xx_hal_tim_ex.o
                0x0000000008002446                HAL_TIMEx_CommutationCallback
 .text.HAL_TIMEx_BreakCallback
                0x0000000008002448        0x2 obj/stm32f3xx_hal_tim_ex.o
                0x0000000008002448                HAL_TIMEx_BreakCallback
 .text.HAL_MspInit
                0x000000000800244a        0x2 obj/stm32f3xx_hal.o
                0x000000000800244a                HAL_MspInit
 .text.HAL_InitTick
                0x000000000800244c       0x24 obj/stm32f3xx_hal.o
                0x000000000800244c                HAL_InitTick
 .text.HAL_Init
                0x0000000008002470       0x24 obj/stm32f3xx_hal.o
                0x0000000008002470                HAL_Init
 .text.HAL_IncTick
                0x0000000008002494       0x10 obj/stm32f3xx_hal.o
                0x0000000008002494                HAL_IncTick
 .text.HAL_GetTick
                0x00000000080024a4        0xc obj/stm32f3xx_hal.o
                0x00000000080024a4                HAL_GetTick
 .text.HAL_Delay
                0x00000000080024b0       0x1a obj/stm32f3xx_hal.o
                0x00000000080024b0                HAL_Delay
 *fill*         0x00000000080024ca        0x2 
 .text.BSP_LED_Init
                0x00000000080024cc       0x44 obj/stm32f3xx_nucleo.o
                0x00000000080024cc                BSP_LED_Init
 .text.BSP_LED_Off
                0x0000000008002510       0x14 obj/stm32f3xx_nucleo.o
                0x0000000008002510                BSP_LED_Off
 .text.BSP_PB_Init
                0x0000000008002524       0x78 obj/stm32f3xx_nucleo.o
                0x0000000008002524                BSP_PB_Init
 *(.glue_7)
 .glue_7        0x000000000800259c        0x0 linker stubs
 *(.glue_7t)
 .glue_7t       0x000000000800259c        0x0 linker stubs
 *(.eh_frame)
 .eh_frame      0x000000000800259c        0x0 /mnt/flame/soft/stm32/toolchain/lib/gcc/arm-none-eabi/4.9.2/crtbegin.o
 *(.init)
 .init          0x000000000800259c        0x4 /mnt/flame/soft/stm32/toolchain/lib/gcc/arm-none-eabi/4.9.2/crti.o
                0x000000000800259c                _init
 .init          0x00000000080025a0        0x8 /mnt/flame/soft/stm32/toolchain/lib/gcc/arm-none-eabi/4.9.2/crtn.o
 *(.fini)
 .fini          0x00000000080025a8        0x4 /mnt/flame/soft/stm32/toolchain/lib/gcc/arm-none-eabi/4.9.2/crti.o
                0x00000000080025a8                _fini
 .fini          0x00000000080025ac        0x8 /mnt/flame/soft/stm32/toolchain/lib/gcc/arm-none-eabi/4.9.2/crtn.o
                0x00000000080025b4                . = ALIGN (0x4)
                0x00000000080025b4                _etext = .

.vfp11_veneer   0x00000000080025b4        0x0
 .vfp11_veneer  0x00000000080025b4        0x0 linker stubs

.v4_bx          0x00000000080025b4        0x0
 .v4_bx         0x00000000080025b4        0x0 linker stubs

.iplt           0x00000000080025b4        0x0
 .iplt          0x00000000080025b4        0x0 /mnt/flame/soft/stm32/toolchain/lib/gcc/arm-none-eabi/4.9.2/crtbegin.o

.rodata         0x00000000080025b4       0x30
                0x00000000080025b4                . = ALIGN (0x4)
 *(.rodata)
 *(.rodata*)
 .rodata.APBAHBPrescTable
                0x00000000080025b4       0x10 obj/stm32f3xx_hal_rcc.o
                0x00000000080025b4                APBAHBPrescTable
 .rodata.PredivFactorTable
                0x00000000080025c4       0x10 obj/stm32f3xx_hal_rcc_ex.o
                0x00000000080025c4                PredivFactorTable
 .rodata.PLLMULFactorTable
                0x00000000080025d4       0x10 obj/stm32f3xx_hal_rcc_ex.o
                0x00000000080025d4                PLLMULFactorTable
                0x00000000080025e4                . = ALIGN (0x4)

.rel.dyn        0x00000000080025e4        0x0
 .rel.iplt      0x00000000080025e4        0x0 /mnt/flame/soft/stm32/toolchain/lib/gcc/arm-none-eabi/4.9.2/crtbegin.o

.ARM.extab
 *(.ARM.extab* .gnu.linkonce.armextab.*)

.ARM            0x00000000080025e4        0x0
                0x00000000080025e4                __exidx_start = .
 *(.ARM.exidx*)
                0x00000000080025e4                __exidx_end = .

.preinit_array  0x00000000080025e4        0x0
                0x00000000080025e4                PROVIDE (__preinit_array_start, .)
 *(.preinit_array*)
                0x00000000080025e4                PROVIDE (__preinit_array_end, .)

.init_array     0x00000000080025e4        0x4
                0x00000000080025e4                PROVIDE (__init_array_start, .)
 *(SORT(.init_array.*))
 *(.init_array*)
 .init_array    0x00000000080025e4        0x4 /mnt/flame/soft/stm32/toolchain/lib/gcc/arm-none-eabi/4.9.2/crtbegin.o
                0x00000000080025e8                PROVIDE (__init_array_end, .)

.fini_array     0x00000000080025e8        0x4
                0x00000000080025e8                PROVIDE (__fini_array_start, .)
 *(SORT(.fini_array.*))
 *(.fini_array*)
 .fini_array    0x00000000080025e8        0x4 /mnt/flame/soft/stm32/toolchain/lib/gcc/arm-none-eabi/4.9.2/crtbegin.o
                0x00000000080025ec                PROVIDE (__fini_array_end, .)
                0x00000000080025ec                _sidata = LOADADDR (.data)

.data           0x0000000020000000        0xc load address 0x00000000080025ec
                0x0000000020000000                . = ALIGN (0x4)
                0x0000000020000000                _sdata = .
 *(.data)
 *(.data*)
 .data.SystemCoreClock
                0x0000000020000000        0x4 obj/system_stm32f3xx.o
                0x0000000020000000                SystemCoreClock
 .data.BUTTON_PORT
                0x0000000020000004        0x4 obj/stm32f3xx_nucleo.o
                0x0000000020000004                BUTTON_PORT
 .data.LED_PORT
                0x0000000020000008        0x4 obj/stm32f3xx_nucleo.o
                0x0000000020000008                LED_PORT
                0x000000002000000c                . = ALIGN (0x4)
                0x000000002000000c                _edata = .
                0x00000000080025f8                _siccmram = LOADADDR (.ccmram)

.jcr            0x000000002000000c        0x0 load address 0x00000000080025f8
 .jcr           0x000000002000000c        0x0 /mnt/flame/soft/stm32/toolchain/lib/gcc/arm-none-eabi/4.9.2/crtbegin.o

.tm_clone_table
                0x000000002000000c        0x0 load address 0x00000000080025f8
 .tm_clone_table
                0x000000002000000c        0x0 /mnt/flame/soft/stm32/toolchain/lib/gcc/arm-none-eabi/4.9.2/crtbegin.o
 .tm_clone_table
                0x000000002000000c        0x0 /mnt/flame/soft/stm32/toolchain/lib/gcc/arm-none-eabi/4.9.2/crtend.o

.igot.plt       0x000000002000000c        0x0 load address 0x00000000080025f8
 .igot.plt      0x000000002000000c        0x0 /mnt/flame/soft/stm32/toolchain/lib/gcc/arm-none-eabi/4.9.2/crtbegin.o

.ccmram         0x0000000010000000        0x0 load address 0x00000000080025f8
                0x0000000010000000                . = ALIGN (0x4)
                0x0000000010000000                _sccmram = .
 *(.ccmram)
 *(.ccmram*)
                0x0000000010000000                . = ALIGN (0x4)
                0x0000000010000000                _eccmram = .
                0x0000000010000000                . = ALIGN (0x4)

.bss            0x000000002000000c       0xd0
                0x000000002000000c                _sbss = .
                0x000000002000000c                __bss_start__ = _sbss
 *(.bss)
 .bss           0x000000002000000c       0x1c /mnt/flame/soft/stm32/toolchain/lib/gcc/arm-none-eabi/4.9.2/crtbegin.o
 *(.bss*)
 .bss.CurrentADCChannel
                0x0000000020000028        0x4 obj/adc.o
                0x0000000020000028                CurrentADCChannel
 .bss.distortion
                0x000000002000002c        0x4 obj/adc.o
                0x000000002000002c                distortion
 .bss.distortionEnabled
                0x0000000020000030        0x4 obj/button.o
                0x0000000020000030                distortionEnabled
 .bss.uwTick    0x0000000020000034        0x4 obj/stm32f3xx_hal.o
 *(COMMON)
 COMMON         0x0000000020000038       0x4c obj/adc.o
                0x0000000020000038                AdcHandle
 COMMON         0x0000000020000084       0x1c obj/dac.o
                0x0000000020000084                dacChannel
                0x000000002000008c                dacHandle
 COMMON         0x00000000200000a0       0x3c obj/timer.o
                0x00000000200000a0                tim2handle
                0x00000000200000dc                . = ALIGN (0x4)
                0x00000000200000dc                _ebss = .
                0x00000000200000dc                __bss_end__ = _ebss

._user_heap_stack
                0x00000000200000dc       0x80
                0x00000000200000dc                . = ALIGN (0x4)
                0x00000000200000dc                PROVIDE (end, .)
                0x00000000200000dc                PROVIDE (_end, .)
                0x00000000200000dc                PROVIDE (__end__, .)
                0x00000000200000dc                . = (. + _Min_Heap_Size)
                0x000000002000015c                . = (. + _Min_Stack_Size)
 *fill*         0x00000000200000dc       0x80 
                0x000000002000015c                . = ALIGN (0x4)

.memory_b1_text
 *(.mb1text)
 *(.mb1text*)
 *(.mb1rodata)
 *(.mb1rodata*)

/DISCARD/
 libc.a(*)
 libm.a(*)
 libgcc.a(*)

.ARM.attributes
                0x0000000000000000       0x35
 *(.ARM.attributes)
 .ARM.attributes
                0x0000000000000000       0x27 /mnt/flame/soft/stm32/toolchain/lib/gcc/arm-none-eabi/4.9.2/crti.o
 .ARM.attributes
                0x0000000000000027       0x39 /mnt/flame/soft/stm32/toolchain/lib/gcc/arm-none-eabi/4.9.2/crtbegin.o
 .ARM.attributes
                0x0000000000000060       0x39 obj/main.o
 .ARM.attributes
                0x0000000000000099       0x39 obj/misc.o
 .ARM.attributes
                0x00000000000000d2       0x39 obj/led.o
 .ARM.attributes
                0x000000000000010b       0x39 obj/adc.o
 .ARM.attributes
                0x0000000000000144       0x39 obj/dac.o
 .ARM.attributes
                0x000000000000017d       0x39 obj/button.o
 .ARM.attributes
                0x00000000000001b6       0x39 obj/timer.o
 .ARM.attributes
                0x00000000000001ef       0x39 obj/system_stm32f3xx.o
 .ARM.attributes
                0x0000000000000228       0x21 obj/startup_stm32f334x8.o
 .ARM.attributes
                0x0000000000000249       0x39 obj/stm32f3xx_it.o
 .ARM.attributes
                0x0000000000000282       0x39 obj/stm32f3xx_hal_rcc.o
 .ARM.attributes
                0x00000000000002bb       0x39 obj/stm32f3xx_hal_rcc_ex.o
 .ARM.attributes
                0x00000000000002f4       0x39 obj/stm32f3xx_hal_gpio.o
 .ARM.attributes
                0x000000000000032d       0x39 obj/stm32f3xx_hal_cortex.o
 .ARM.attributes
                0x0000000000000366       0x39 obj/stm32f3xx_hal_adc.o
 .ARM.attributes
                0x000000000000039f       0x39 obj/stm32f3xx_hal_adc_ex.o
 .ARM.attributes
                0x00000000000003d8       0x39 obj/stm32f3xx_hal_dac.o
 .ARM.attributes
                0x0000000000000411       0x39 obj/stm32f3xx_hal_dac_ex.o
 .ARM.attributes
                0x000000000000044a       0x39 obj/stm32f3xx_hal_tim.o
 .ARM.attributes
                0x0000000000000483       0x39 obj/stm32f3xx_hal_tim_ex.o
 .ARM.attributes
                0x00000000000004bc       0x39 obj/stm32f3xx_hal.o
 .ARM.attributes
                0x00000000000004f5       0x39 obj/stm32f3xx_nucleo.o
 .ARM.attributes
                0x000000000000052e       0x27 /mnt/flame/soft/stm32/toolchain/lib/gcc/arm-none-eabi/4.9.2/libgcc.a(_arm_addsubdf3.o)
 .ARM.attributes
                0x0000000000000555       0x27 /mnt/flame/soft/stm32/toolchain/lib/gcc/arm-none-eabi/4.9.2/libgcc.a(_arm_muldivdf3.o)
 .ARM.attributes
                0x000000000000057c       0x27 /mnt/flame/soft/stm32/toolchain/lib/gcc/arm-none-eabi/4.9.2/libgcc.a(_arm_fixdfsi.o)
 .ARM.attributes
                0x00000000000005a3       0x39 /mnt/flame/soft/stm32/toolchain/lib/gcc/arm-none-eabi/4.9.2/../../../../arm-none-eabi/lib/libc.a(lib_a-init.o)
 .ARM.attributes
                0x00000000000005dc       0x39 /mnt/flame/soft/stm32/toolchain/lib/gcc/arm-none-eabi/4.9.2/crtend.o
 .ARM.attributes
                0x0000000000000615       0x27 /mnt/flame/soft/stm32/toolchain/lib/gcc/arm-none-eabi/4.9.2/crtn.o
OUTPUT(obj/main.elf elf32-littlearm)

.comment        0x0000000000000000       0x11
 .comment       0x0000000000000000       0x11 /mnt/flame/soft/stm32/toolchain/lib/gcc/arm-none-eabi/4.9.2/crtbegin.o
                                         0x12 (size before relaxing)
 .comment       0x0000000000000011       0x12 obj/main.o
 .comment       0x0000000000000011       0x12 obj/misc.o
 .comment       0x0000000000000011       0x12 obj/led.o
 .comment       0x0000000000000011       0x12 obj/adc.o
 .comment       0x0000000000000011       0x12 obj/dac.o
 .comment       0x0000000000000011       0x12 obj/button.o
 .comment       0x0000000000000011       0x12 obj/timer.o
 .comment       0x0000000000000011       0x12 obj/system_stm32f3xx.o
 .comment       0x0000000000000011       0x12 obj/stm32f3xx_it.o
 .comment       0x0000000000000011       0x12 obj/stm32f3xx_hal_rcc.o
 .comment       0x0000000000000011       0x12 obj/stm32f3xx_hal_rcc_ex.o
 .comment       0x0000000000000011       0x12 obj/stm32f3xx_hal_gpio.o
 .comment       0x0000000000000011       0x12 obj/stm32f3xx_hal_cortex.o
 .comment       0x0000000000000011       0x12 obj/stm32f3xx_hal_adc.o
 .comment       0x0000000000000011       0x12 obj/stm32f3xx_hal_adc_ex.o
 .comment       0x0000000000000011       0x12 obj/stm32f3xx_hal_dac.o
 .comment       0x0000000000000011       0x12 obj/stm32f3xx_hal_dac_ex.o
 .comment       0x0000000000000011       0x12 obj/stm32f3xx_hal_tim.o
 .comment       0x0000000000000011       0x12 obj/stm32f3xx_hal_tim_ex.o
 .comment       0x0000000000000011       0x12 obj/stm32f3xx_hal.o
 .comment       0x0000000000000011       0x12 obj/stm32f3xx_nucleo.o
 .comment       0x0000000000000011       0x12 /mnt/flame/soft/stm32/toolchain/lib/gcc/arm-none-eabi/4.9.2/../../../../arm-none-eabi/lib/libc.a(lib_a-init.o)
 .comment       0x0000000000000011       0x12 /mnt/flame/soft/stm32/toolchain/lib/gcc/arm-none-eabi/4.9.2/crtend.o

.debug_info     0x0000000000000000    0x10180
 .debug_info    0x0000000000000000      0x221 obj/main.o
 .debug_info    0x0000000000000221      0x171 obj/misc.o
 .debug_info    0x0000000000000392      0x44e obj/led.o
 .debug_info    0x00000000000007e0      0xcb4 obj/adc.o
 .debug_info    0x0000000000001494      0x844 obj/dac.o
 .debug_info    0x0000000000001cd8      0x5d0 obj/button.o
 .debug_info    0x00000000000022a8      0x85a obj/timer.o
 .debug_info    0x0000000000002b02      0x58e obj/system_stm32f3xx.o
 .debug_info    0x0000000000003090       0x61 obj/startup_stm32f334x8.o
 .debug_info    0x00000000000030f1      0x13e obj/stm32f3xx_it.o
 .debug_info    0x000000000000322f      0xec4 obj/stm32f3xx_hal_rcc.o
 .debug_info    0x00000000000040f3     0x1976 obj/stm32f3xx_hal_rcc_ex.o
 .debug_info    0x0000000000005a69      0x704 obj/stm32f3xx_hal_gpio.o
 .debug_info    0x000000000000616d      0xbe1 obj/stm32f3xx_hal_cortex.o
 .debug_info    0x0000000000006d4e      0xabb obj/stm32f3xx_hal_adc.o
 .debug_info    0x0000000000007809     0x17bd obj/stm32f3xx_hal_adc_ex.o
 .debug_info    0x0000000000008fc6      0x812 obj/stm32f3xx_hal_dac.o
 .debug_info    0x00000000000097d8      0x96e obj/stm32f3xx_hal_dac_ex.o
 .debug_info    0x000000000000a146     0x31e2 obj/stm32f3xx_hal_tim.o
 .debug_info    0x000000000000d328     0x159a obj/stm32f3xx_hal_tim_ex.o
 .debug_info    0x000000000000e8c2      0x69e obj/stm32f3xx_hal.o
 .debug_info    0x000000000000ef60     0x1025 obj/stm32f3xx_nucleo.o
 .debug_info    0x000000000000ff85       0xa9 /mnt/flame/soft/stm32/toolchain/lib/gcc/arm-none-eabi/4.9.2/libgcc.a(_arm_addsubdf3.o)
 .debug_info    0x000000000001002e       0xa9 /mnt/flame/soft/stm32/toolchain/lib/gcc/arm-none-eabi/4.9.2/libgcc.a(_arm_muldivdf3.o)
 .debug_info    0x00000000000100d7       0xa9 /mnt/flame/soft/stm32/toolchain/lib/gcc/arm-none-eabi/4.9.2/libgcc.a(_arm_fixdfsi.o)

.debug_abbrev   0x0000000000000000     0x29b1
 .debug_abbrev  0x0000000000000000      0x108 obj/main.o
 .debug_abbrev  0x0000000000000108       0xd5 obj/misc.o
 .debug_abbrev  0x00000000000001dd      0x15a obj/led.o
 .debug_abbrev  0x0000000000000337      0x24c obj/adc.o
 .debug_abbrev  0x0000000000000583      0x202 obj/dac.o
 .debug_abbrev  0x0000000000000785      0x1d4 obj/button.o
 .debug_abbrev  0x0000000000000959      0x1b9 obj/timer.o
 .debug_abbrev  0x0000000000000b12      0x1c5 obj/system_stm32f3xx.o
 .debug_abbrev  0x0000000000000cd7       0x12 obj/startup_stm32f334x8.o
 .debug_abbrev  0x0000000000000ce9       0xa0 obj/stm32f3xx_it.o
 .debug_abbrev  0x0000000000000d89      0x2d0 obj/stm32f3xx_hal_rcc.o
 .debug_abbrev  0x0000000000001059      0x278 obj/stm32f3xx_hal_rcc_ex.o
 .debug_abbrev  0x00000000000012d1      0x1bd obj/stm32f3xx_hal_gpio.o
 .debug_abbrev  0x000000000000148e      0x2c7 obj/stm32f3xx_hal_cortex.o
 .debug_abbrev  0x0000000000001755      0x15b obj/stm32f3xx_hal_adc.o
 .debug_abbrev  0x00000000000018b0      0x2c7 obj/stm32f3xx_hal_adc_ex.o
 .debug_abbrev  0x0000000000001b77      0x1a9 obj/stm32f3xx_hal_dac.o
 .debug_abbrev  0x0000000000001d20      0x241 obj/stm32f3xx_hal_dac_ex.o
 .debug_abbrev  0x0000000000001f61      0x32d obj/stm32f3xx_hal_tim.o
 .debug_abbrev  0x000000000000228e      0x254 obj/stm32f3xx_hal_tim_ex.o
 .debug_abbrev  0x00000000000024e2      0x1e0 obj/stm32f3xx_hal.o
 .debug_abbrev  0x00000000000026c2      0x2b3 obj/stm32f3xx_nucleo.o
 .debug_abbrev  0x0000000000002975       0x14 /mnt/flame/soft/stm32/toolchain/lib/gcc/arm-none-eabi/4.9.2/libgcc.a(_arm_addsubdf3.o)
 .debug_abbrev  0x0000000000002989       0x14 /mnt/flame/soft/stm32/toolchain/lib/gcc/arm-none-eabi/4.9.2/libgcc.a(_arm_muldivdf3.o)
 .debug_abbrev  0x000000000000299d       0x14 /mnt/flame/soft/stm32/toolchain/lib/gcc/arm-none-eabi/4.9.2/libgcc.a(_arm_fixdfsi.o)

.debug_aranges  0x0000000000000000      0xd50
 .debug_aranges
                0x0000000000000000       0x20 obj/main.o
 .debug_aranges
                0x0000000000000020       0x20 obj/misc.o
 .debug_aranges
                0x0000000000000040       0x50 obj/led.o
 .debug_aranges
                0x0000000000000090       0x30 obj/adc.o
 .debug_aranges
                0x00000000000000c0       0x40 obj/dac.o
 .debug_aranges
                0x0000000000000100       0x50 obj/button.o
 .debug_aranges
                0x0000000000000150       0x38 obj/timer.o
 .debug_aranges
                0x0000000000000188       0x30 obj/system_stm32f3xx.o
 .debug_aranges
                0x00000000000001b8       0x28 obj/startup_stm32f334x8.o
 .debug_aranges
                0x00000000000001e0       0x60 obj/stm32f3xx_it.o
 .debug_aranges
                0x0000000000000240       0x88 obj/stm32f3xx_hal_rcc.o
 .debug_aranges
                0x00000000000002c8       0x40 obj/stm32f3xx_hal_rcc_ex.o
 .debug_aranges
                0x0000000000000308       0x58 obj/stm32f3xx_hal_gpio.o
 .debug_aranges
                0x0000000000000360       0x90 obj/stm32f3xx_hal_cortex.o
 .debug_aranges
                0x00000000000003f0       0xc8 obj/stm32f3xx_hal_adc.o
 .debug_aranges
                0x00000000000004b8      0x138 obj/stm32f3xx_hal_adc_ex.o
 .debug_aranges
                0x00000000000005f0       0xa8 obj/stm32f3xx_hal_dac.o
 .debug_aranges
                0x0000000000000698       0xb0 obj/stm32f3xx_hal_dac_ex.o
 .debug_aranges
                0x0000000000000748      0x328 obj/stm32f3xx_hal_tim.o
 .debug_aranges
                0x0000000000000a70      0x170 obj/stm32f3xx_hal_tim_ex.o
 .debug_aranges
                0x0000000000000be0       0xb0 obj/stm32f3xx_hal.o
 .debug_aranges
                0x0000000000000c90       0x60 obj/stm32f3xx_nucleo.o
 .debug_aranges
                0x0000000000000cf0       0x20 /mnt/flame/soft/stm32/toolchain/lib/gcc/arm-none-eabi/4.9.2/libgcc.a(_arm_addsubdf3.o)
 .debug_aranges
                0x0000000000000d10       0x20 /mnt/flame/soft/stm32/toolchain/lib/gcc/arm-none-eabi/4.9.2/libgcc.a(_arm_muldivdf3.o)
 .debug_aranges
                0x0000000000000d30       0x20 /mnt/flame/soft/stm32/toolchain/lib/gcc/arm-none-eabi/4.9.2/libgcc.a(_arm_fixdfsi.o)

.debug_ranges   0x0000000000000000      0xea0
 .debug_ranges  0x0000000000000000       0x10 obj/main.o
 .debug_ranges  0x0000000000000010       0x10 obj/misc.o
 .debug_ranges  0x0000000000000020       0x40 obj/led.o
 .debug_ranges  0x0000000000000060       0x20 obj/adc.o
 .debug_ranges  0x0000000000000080       0x30 obj/dac.o
 .debug_ranges  0x00000000000000b0       0x40 obj/button.o
 .debug_ranges  0x00000000000000f0       0x28 obj/timer.o
 .debug_ranges  0x0000000000000118       0x20 obj/system_stm32f3xx.o
 .debug_ranges  0x0000000000000138       0x20 obj/startup_stm32f334x8.o
 .debug_ranges  0x0000000000000158       0x50 obj/stm32f3xx_it.o
 .debug_ranges  0x00000000000001a8       0x78 obj/stm32f3xx_hal_rcc.o
 .debug_ranges  0x0000000000000220      0x180 obj/stm32f3xx_hal_rcc_ex.o
 .debug_ranges  0x00000000000003a0       0x48 obj/stm32f3xx_hal_gpio.o
 .debug_ranges  0x00000000000003e8      0x118 obj/stm32f3xx_hal_cortex.o
 .debug_ranges  0x0000000000000500       0xb8 obj/stm32f3xx_hal_adc.o
 .debug_ranges  0x00000000000005b8      0x128 obj/stm32f3xx_hal_adc_ex.o
 .debug_ranges  0x00000000000006e0       0x98 obj/stm32f3xx_hal_dac.o
 .debug_ranges  0x0000000000000778       0xa0 obj/stm32f3xx_hal_dac_ex.o
 .debug_ranges  0x0000000000000818      0x408 obj/stm32f3xx_hal_tim.o
 .debug_ranges  0x0000000000000c20      0x160 obj/stm32f3xx_hal_tim_ex.o
 .debug_ranges  0x0000000000000d80       0xa0 obj/stm32f3xx_hal.o
 .debug_ranges  0x0000000000000e20       0x80 obj/stm32f3xx_nucleo.o

.debug_line     0x0000000000000000     0x683a
 .debug_line    0x0000000000000000      0x1f0 obj/main.o
 .debug_line    0x00000000000001f0      0x173 obj/misc.o
 .debug_line    0x0000000000000363      0x209 obj/led.o
 .debug_line    0x000000000000056c      0x2d6 obj/adc.o
 .debug_line    0x0000000000000842      0x253 obj/dac.o
 .debug_line    0x0000000000000a95      0x243 obj/button.o
 .debug_line    0x0000000000000cd8      0x229 obj/timer.o
 .debug_line    0x0000000000000f01      0x24a obj/system_stm32f3xx.o
 .debug_line    0x000000000000114b       0x78 obj/startup_stm32f334x8.o
 .debug_line    0x00000000000011c3      0x1d0 obj/stm32f3xx_it.o
 .debug_line    0x0000000000001393      0x55e obj/stm32f3xx_hal_rcc.o
 .debug_line    0x00000000000018f1      0x819 obj/stm32f3xx_hal_rcc_ex.o
 .debug_line    0x000000000000210a      0x39c obj/stm32f3xx_hal_gpio.o
 .debug_line    0x00000000000024a6      0x355 obj/stm32f3xx_hal_cortex.o
 .debug_line    0x00000000000027fb      0x3a0 obj/stm32f3xx_hal_adc.o
 .debug_line    0x0000000000002b9b      0xcac obj/stm32f3xx_hal_adc_ex.o
 .debug_line    0x0000000000003847      0x3b2 obj/stm32f3xx_hal_dac.o
 .debug_line    0x0000000000003bf9      0x48e obj/stm32f3xx_hal_dac_ex.o
 .debug_line    0x0000000000004087     0x1364 obj/stm32f3xx_hal_tim.o
 .debug_line    0x00000000000053eb      0x9d0 obj/stm32f3xx_hal_tim_ex.o
 .debug_line    0x0000000000005dbb      0x371 obj/stm32f3xx_hal.o
 .debug_line    0x000000000000612c      0x39c obj/stm32f3xx_nucleo.o
 .debug_line    0x00000000000064c8      0x16f /mnt/flame/soft/stm32/toolchain/lib/gcc/arm-none-eabi/4.9.2/libgcc.a(_arm_addsubdf3.o)
 .debug_line    0x0000000000006637      0x193 /mnt/flame/soft/stm32/toolchain/lib/gcc/arm-none-eabi/4.9.2/libgcc.a(_arm_muldivdf3.o)
 .debug_line    0x00000000000067ca       0x70 /mnt/flame/soft/stm32/toolchain/lib/gcc/arm-none-eabi/4.9.2/libgcc.a(_arm_fixdfsi.o)

.debug_str      0x0000000000000000     0x3d30
 .debug_str     0x0000000000000000      0x217 obj/main.o
                                        0x26e (size before relaxing)
 .debug_str     0x0000000000000217       0x4e obj/misc.o
                                        0x1a0 (size before relaxing)
 .debug_str     0x0000000000000265      0x13f obj/led.o
                                        0x2cf (size before relaxing)
 .debug_str     0x00000000000003a4      0x952 obj/adc.o
                                        0xc7b (size before relaxing)
 .debug_str     0x0000000000000cf6      0x1e4 obj/dac.o
                                        0x643 (size before relaxing)
 .debug_str     0x0000000000000eda       0xab obj/button.o
                                        0x64e (size before relaxing)
 .debug_str     0x0000000000000f85      0x26a obj/timer.o
                                        0x991 (size before relaxing)
 .debug_str     0x00000000000011ef      0x1fe obj/system_stm32f3xx.o
                                        0x42a (size before relaxing)
 .debug_str     0x00000000000013ed       0xaf obj/stm32f3xx_it.o
                                        0x201 (size before relaxing)
 .debug_str     0x000000000000149c      0x1ed obj/stm32f3xx_hal_rcc.o
                                        0x5a5 (size before relaxing)
 .debug_str     0x0000000000001689      0x1d1 obj/stm32f3xx_hal_rcc_ex.o
                                        0x4c6 (size before relaxing)
 .debug_str     0x000000000000185a      0x140 obj/stm32f3xx_hal_gpio.o
                                        0x481 (size before relaxing)
 .debug_str     0x000000000000199a      0x2af obj/stm32f3xx_hal_cortex.o
                                        0x8f4 (size before relaxing)
 .debug_str     0x0000000000001c49      0x216 obj/stm32f3xx_hal_adc.o
                                        0x98c (size before relaxing)
 .debug_str     0x0000000000001e5f      0x5e4 obj/stm32f3xx_hal_adc_ex.o
                                        0xf2d (size before relaxing)
 .debug_str     0x0000000000002443      0x197 obj/stm32f3xx_hal_dac.o
                                        0x69f (size before relaxing)
 .debug_str     0x00000000000025da      0x1bf obj/stm32f3xx_hal_dac_ex.o
                                        0x731 (size before relaxing)
 .debug_str     0x0000000000002799      0xcc2 obj/stm32f3xx_hal_tim.o
                                       0x12c4 (size before relaxing)
 .debug_str     0x000000000000345b      0x5c6 obj/stm32f3xx_hal_tim_ex.o
                                        0xd77 (size before relaxing)
 .debug_str     0x0000000000003a21      0x195 obj/stm32f3xx_hal.o
                                        0x794 (size before relaxing)
 .debug_str     0x0000000000003bb6      0x17a obj/stm32f3xx_nucleo.o
                                        0xe5b (size before relaxing)

.debug_frame    0x0000000000000000     0x1e94
 .debug_frame   0x0000000000000000       0x28 obj/main.o
 .debug_frame   0x0000000000000028       0x28 obj/misc.o
 .debug_frame   0x0000000000000050       0x88 obj/led.o
 .debug_frame   0x00000000000000d8       0x74 obj/adc.o
 .debug_frame   0x000000000000014c       0x78 obj/dac.o
 .debug_frame   0x00000000000001c4       0xa0 obj/button.o
 .debug_frame   0x0000000000000264       0x64 obj/timer.o
 .debug_frame   0x00000000000002c8       0x58 obj/system_stm32f3xx.o
 .debug_frame   0x0000000000000320       0xa0 obj/stm32f3xx_it.o
 .debug_frame   0x00000000000003c0      0x134 obj/stm32f3xx_hal_rcc.o
 .debug_frame   0x00000000000004f4       0x90 obj/stm32f3xx_hal_rcc_ex.o
 .debug_frame   0x0000000000000584       0xd0 obj/stm32f3xx_hal_gpio.o
 .debug_frame   0x0000000000000654      0x124 obj/stm32f3xx_hal_cortex.o
 .debug_frame   0x0000000000000778      0x170 obj/stm32f3xx_hal_adc.o
 .debug_frame   0x00000000000008e8      0x3cc obj/stm32f3xx_hal_adc_ex.o
 .debug_frame   0x0000000000000cb4      0x15c obj/stm32f3xx_hal_dac.o
 .debug_frame   0x0000000000000e10      0x1ac obj/stm32f3xx_hal_dac_ex.o
 .debug_frame   0x0000000000000fbc      0x878 obj/stm32f3xx_hal_tim.o
 .debug_frame   0x0000000000001834      0x418 obj/stm32f3xx_hal_tim_ex.o
 .debug_frame   0x0000000000001c4c      0x164 obj/stm32f3xx_hal.o
 .debug_frame   0x0000000000001db0       0xe4 obj/stm32f3xx_nucleo.o

.debug_loc      0x0000000000000000     0x7f73
 .debug_loc     0x0000000000000000       0x3f obj/adc.o
 .debug_loc     0x000000000000003f       0x63 obj/dac.o
 .debug_loc     0x00000000000000a2       0xad obj/system_stm32f3xx.o
 .debug_loc     0x000000000000014f      0x58b obj/stm32f3xx_hal_rcc.o
 .debug_loc     0x00000000000006da      0xe7a obj/stm32f3xx_hal_rcc_ex.o
 .debug_loc     0x0000000000001554      0x32c obj/stm32f3xx_hal_gpio.o
 .debug_loc     0x0000000000001880      0x31e obj/stm32f3xx_hal_cortex.o
 .debug_loc     0x0000000000001b9e      0x1ef obj/stm32f3xx_hal_adc.o
 .debug_loc     0x0000000000001d8d     0x156a obj/stm32f3xx_hal_adc_ex.o
 .debug_loc     0x00000000000032f7      0x2c7 obj/stm32f3xx_hal_dac.o
 .debug_loc     0x00000000000035be      0x5a2 obj/stm32f3xx_hal_dac_ex.o
 .debug_loc     0x0000000000003b60     0x31f0 obj/stm32f3xx_hal_tim.o
 .debug_loc     0x0000000000006d50     0x1042 obj/stm32f3xx_hal_tim_ex.o
 .debug_loc     0x0000000000007d92       0x3d obj/stm32f3xx_hal.o
 .debug_loc     0x0000000000007dcf      0x1a4 obj/stm32f3xx_nucleo.o

Cross Reference Table

Symbol                                            File
ADC1_2_IRQHandler                                 obj/adc.o
ADC_Init                                          obj/adc.o
                                                  obj/main.o
AHBPrescTable                                     obj/system_stm32f3xx.o
APBAHBPrescTable                                  obj/stm32f3xx_hal_rcc.o
AdcHandle                                         obj/adc.o
BSP_GetVersion                                    obj/stm32f3xx_nucleo.o
BSP_JOY_GetState                                  obj/stm32f3xx_nucleo.o
BSP_JOY_Init                                      obj/stm32f3xx_nucleo.o
BSP_LED_Init                                      obj/stm32f3xx_nucleo.o
                                                  obj/main.o
BSP_LED_Off                                       obj/stm32f3xx_nucleo.o
                                                  obj/main.o
BSP_LED_On                                        obj/stm32f3xx_nucleo.o
BSP_LED_Toggle                                    obj/stm32f3xx_nucleo.o
BSP_PB_GetState                                   obj/stm32f3xx_nucleo.o
BSP_PB_Init                                       obj/stm32f3xx_nucleo.o
                                                  obj/main.o
BUTTON_IRQn                                       obj/stm32f3xx_nucleo.o
BUTTON_PIN                                        obj/stm32f3xx_nucleo.o
BUTTON_PORT                                       obj/stm32f3xx_nucleo.o
BusFault_Handler                                  obj/stm32f3xx_it.o
                                                  obj/startup_stm32f334x8.o
Button1_Init                                      obj/button.o
                                                  obj/main.o
Button1_Pressed                                   obj/button.o
Button2_Init                                      obj/button.o
Button2_Pressed                                   obj/button.o
CAN_RX0_IRQHandler                                obj/startup_stm32f334x8.o
CAN_RX1_IRQHandler                                obj/startup_stm32f334x8.o
CAN_SCE_IRQHandler                                obj/startup_stm32f334x8.o
CAN_TX_IRQHandler                                 obj/startup_stm32f334x8.o
COMP2_IRQHandler                                  obj/startup_stm32f334x8.o
COMP4_6_IRQHandler                                obj/startup_stm32f334x8.o
CurrentADCChannel                                 obj/adc.o
DAC_Init                                          obj/dac.o
                                                  obj/main.o
DAC_SetValue12                                    obj/dac.o
                                                  obj/adc.o
DAC_SetValue8                                     obj/dac.o
DMA1_Channel1_IRQHandler                          obj/startup_stm32f334x8.o
DMA1_Channel2_IRQHandler                          obj/startup_stm32f334x8.o
DMA1_Channel3_IRQHandler                          obj/startup_stm32f334x8.o
DMA1_Channel4_IRQHandler                          obj/startup_stm32f334x8.o
DMA1_Channel5_IRQHandler                          obj/startup_stm32f334x8.o
DMA1_Channel6_IRQHandler                          obj/startup_stm32f334x8.o
DMA1_Channel7_IRQHandler                          obj/startup_stm32f334x8.o
DebugMon_Handler                                  obj/stm32f3xx_it.o
                                                  obj/startup_stm32f334x8.o
Default_Handler                                   obj/startup_stm32f334x8.o
EXTI0_IRQHandler                                  obj/startup_stm32f334x8.o
EXTI15_10_IRQHandler                              obj/button.o
EXTI1_IRQHandler                                  obj/button.o
EXTI2_TSC_IRQHandler                              obj/startup_stm32f334x8.o
EXTI3_IRQHandler                                  obj/button.o
EXTI4_IRQHandler                                  obj/startup_stm32f334x8.o
EXTI9_5_IRQHandler                                obj/startup_stm32f334x8.o
Error_Handler                                     obj/misc.o
                                                  obj/system_stm32f3xx.o
                                                  obj/dac.o
                                                  obj/adc.o
FLASH_IRQHandler                                  obj/startup_stm32f334x8.o
FLASH_PageErase                                   obj/stm32f3xx_hal_flash.o
FLASH_WaitForLastOperation                        obj/stm32f3xx_hal_flash.o
FPU_IRQHandler                                    obj/startup_stm32f334x8.o
HAL_ADCEx_Calibration_GetValue                    obj/stm32f3xx_hal_adc_ex.o
HAL_ADCEx_Calibration_SetValue                    obj/stm32f3xx_hal_adc_ex.o
HAL_ADCEx_Calibration_Start                       obj/stm32f3xx_hal_adc_ex.o
                                                  obj/stm32f3xx_nucleo.o
HAL_ADCEx_InjectedConfigChannel                   obj/stm32f3xx_hal_adc_ex.o
HAL_ADCEx_InjectedConvCpltCallback                obj/stm32f3xx_hal_adc_ex.o
HAL_ADCEx_InjectedGetValue                        obj/stm32f3xx_hal_adc_ex.o
HAL_ADCEx_InjectedPollForConversion               obj/stm32f3xx_hal_adc_ex.o
HAL_ADCEx_InjectedQueueOverflowCallback           obj/stm32f3xx_hal_adc_ex.o
HAL_ADCEx_InjectedStart                           obj/stm32f3xx_hal_adc_ex.o
HAL_ADCEx_InjectedStart_IT                        obj/stm32f3xx_hal_adc_ex.o
HAL_ADCEx_InjectedStop                            obj/stm32f3xx_hal_adc_ex.o
HAL_ADCEx_InjectedStop_IT                         obj/stm32f3xx_hal_adc_ex.o
HAL_ADCEx_MultiModeConfigChannel                  obj/stm32f3xx_hal_adc_ex.o
HAL_ADCEx_MultiModeGetValue                       obj/stm32f3xx_hal_adc_ex.o
HAL_ADCEx_MultiModeStart_DMA                      obj/stm32f3xx_hal_adc_ex.o
HAL_ADCEx_MultiModeStop_DMA                       obj/stm32f3xx_hal_adc_ex.o
HAL_ADC_AnalogWDGConfig                           obj/stm32f3xx_hal_adc_ex.o
                                                  obj/stm32f3xx_hal_adc.o
HAL_ADC_ConfigChannel                             obj/stm32f3xx_hal_adc_ex.o
                                                  obj/stm32f3xx_hal_adc.o
                                                  obj/stm32f3xx_nucleo.o
                                                  obj/adc.o
HAL_ADC_ConvCpltCallback                          obj/stm32f3xx_hal_adc.o
                                                  obj/stm32f3xx_hal_adc_ex.o
HAL_ADC_ConvHalfCpltCallback                      obj/stm32f3xx_hal_adc.o
                                                  obj/stm32f3xx_hal_adc_ex.o
HAL_ADC_DeInit                                    obj/stm32f3xx_hal_adc_ex.o
                                                  obj/stm32f3xx_hal_adc.o
HAL_ADC_ErrorCallback                             obj/stm32f3xx_hal_adc.o
                                                  obj/stm32f3xx_hal_adc_ex.o
HAL_ADC_GetError                                  obj/stm32f3xx_hal_adc.o
HAL_ADC_GetState                                  obj/stm32f3xx_hal_adc.o
                                                  obj/stm32f3xx_nucleo.o
HAL_ADC_GetValue                                  obj/stm32f3xx_hal_adc_ex.o
                                                  obj/stm32f3xx_hal_adc.o
                                                  obj/stm32f3xx_nucleo.o
                                                  obj/adc.o
HAL_ADC_IRQHandler                                obj/stm32f3xx_hal_adc_ex.o
                                                  obj/stm32f3xx_hal_adc.o
                                                  obj/adc.o
HAL_ADC_Init                                      obj/stm32f3xx_hal_adc_ex.o
                                                  obj/stm32f3xx_hal_adc.o
                                                  obj/stm32f3xx_nucleo.o
                                                  obj/adc.o
HAL_ADC_LevelOutOfWindowCallback                  obj/stm32f3xx_hal_adc.o
                                                  obj/stm32f3xx_hal_adc_ex.o
HAL_ADC_MspDeInit                                 obj/stm32f3xx_hal_adc.o
                                                  obj/stm32f3xx_hal_adc_ex.o
HAL_ADC_MspInit                                   obj/adc.o
                                                  obj/stm32f3xx_hal_adc_ex.o
HAL_ADC_PollForConversion                         obj/stm32f3xx_hal_adc_ex.o
                                                  obj/stm32f3xx_hal_adc.o
                                                  obj/stm32f3xx_nucleo.o
HAL_ADC_PollForEvent                              obj/stm32f3xx_hal_adc_ex.o
                                                  obj/stm32f3xx_hal_adc.o
HAL_ADC_Start                                     obj/stm32f3xx_hal_adc_ex.o
                                                  obj/stm32f3xx_hal_adc.o
                                                  obj/stm32f3xx_nucleo.o
HAL_ADC_Start_DMA                                 obj/stm32f3xx_hal_adc_ex.o
                                                  obj/stm32f3xx_hal_adc.o
HAL_ADC_Start_IT                                  obj/stm32f3xx_hal_adc_ex.o
                                                  obj/stm32f3xx_hal_adc.o
                                                  obj/adc.o
HAL_ADC_Stop                                      obj/stm32f3xx_hal_adc_ex.o
                                                  obj/stm32f3xx_hal_adc.o
HAL_ADC_Stop_DMA                                  obj/stm32f3xx_hal_adc_ex.o
                                                  obj/stm32f3xx_hal_adc.o
HAL_ADC_Stop_IT                                   obj/stm32f3xx_hal_adc_ex.o
                                                  obj/stm32f3xx_hal_adc.o
HAL_DACEx_ConvCpltCallbackCh2                     obj/stm32f3xx_hal_dac_ex.o
HAL_DACEx_ConvHalfCpltCallbackCh2                 obj/stm32f3xx_hal_dac_ex.o
HAL_DACEx_DMAUnderrunCallbackCh2                  obj/stm32f3xx_hal_dac_ex.o
HAL_DACEx_DualGetValue                            obj/stm32f3xx_hal_dac_ex.o
                                                  obj/stm32f3xx_hal_dac.o
HAL_DACEx_DualSetValue                            obj/stm32f3xx_hal_dac_ex.o
                                                  obj/stm32f3xx_hal_dac.o
HAL_DACEx_ErrorCallbackCh2                        obj/stm32f3xx_hal_dac_ex.o
HAL_DACEx_NoiseWaveGenerate                       obj/stm32f3xx_hal_dac_ex.o
HAL_DACEx_TriangleWaveGenerate                    obj/stm32f3xx_hal_dac_ex.o
HAL_DAC_ConfigChannel                             obj/stm32f3xx_hal_dac.o
                                                  obj/dac.o
HAL_DAC_ConvCpltCallbackCh1                       obj/stm32f3xx_hal_dac.o
                                                  obj/stm32f3xx_hal_dac_ex.o
HAL_DAC_ConvHalfCpltCallbackCh1                   obj/stm32f3xx_hal_dac.o
                                                  obj/stm32f3xx_hal_dac_ex.o
HAL_DAC_DMAUnderrunCallbackCh1                    obj/stm32f3xx_hal_dac.o
                                                  obj/stm32f3xx_hal_dac_ex.o
HAL_DAC_DeInit                                    obj/stm32f3xx_hal_dac.o
HAL_DAC_ErrorCallbackCh1                          obj/stm32f3xx_hal_dac.o
                                                  obj/stm32f3xx_hal_dac_ex.o
HAL_DAC_GetError                                  obj/stm32f3xx_hal_dac.o
HAL_DAC_GetState                                  obj/stm32f3xx_hal_dac.o
HAL_DAC_GetValue                                  obj/stm32f3xx_hal_dac_ex.o
                                                  obj/stm32f3xx_hal_dac.o
HAL_DAC_IRQHandler                                obj/stm32f3xx_hal_dac_ex.o
HAL_DAC_Init                                      obj/stm32f3xx_hal_dac.o
                                                  obj/dac.o
HAL_DAC_MspDeInit                                 obj/dac.o
HAL_DAC_MspInit                                   obj/dac.o
HAL_DAC_SetValue                                  obj/stm32f3xx_hal_dac_ex.o
                                                  obj/stm32f3xx_hal_dac.o
                                                  obj/dac.o
HAL_DAC_Start                                     obj/stm32f3xx_hal_dac_ex.o
                                                  obj/stm32f3xx_hal_dac.o
                                                  obj/dac.o
HAL_DAC_Start_DMA                                 obj/stm32f3xx_hal_dac_ex.o
HAL_DAC_Stop                                      obj/stm32f3xx_hal_dac.o
HAL_DAC_Stop_DMA                                  obj/stm32f3xx_hal_dac.o
HAL_DMA_Abort                                     obj/stm32f3xx_hal_tim.o
                                                  obj/stm32f3xx_hal_dac.o
                                                  obj/stm32f3xx_hal_adc_ex.o
HAL_DMA_Start_IT                                  obj/stm32f3xx_hal_tim_ex.o
                                                  obj/stm32f3xx_hal_tim.o
                                                  obj/stm32f3xx_hal_dac_ex.o
                                                  obj/stm32f3xx_hal_adc_ex.o
HAL_DeInit                                        obj/stm32f3xx_hal.o
HAL_Delay                                         obj/stm32f3xx_hal.o
                                                  obj/misc.o
HAL_DisableDBGSleepMode                           obj/stm32f3xx_hal.o
HAL_DisableDBGStandbyMode                         obj/stm32f3xx_hal.o
HAL_DisableDBGStopMode                            obj/stm32f3xx_hal.o
HAL_EnableDBGSleepMode                            obj/stm32f3xx_hal.o
HAL_EnableDBGStandbyMode                          obj/stm32f3xx_hal.o
HAL_EnableDBGStopMode                             obj/stm32f3xx_hal.o
HAL_FLASH_EndOfOperationCallback                  obj/stm32f3xx_hal_flash.o
HAL_FLASH_GetError                                obj/stm32f3xx_hal_flash.o
HAL_FLASH_IRQHandler                              obj/stm32f3xx_hal_flash.o
HAL_FLASH_Lock                                    obj/stm32f3xx_hal_flash.o
HAL_FLASH_OB_Launch                               obj/stm32f3xx_hal_flash.o
HAL_FLASH_OB_Lock                                 obj/stm32f3xx_hal_flash.o
HAL_FLASH_OB_Unlock                               obj/stm32f3xx_hal_flash.o
HAL_FLASH_OperationErrorCallback                  obj/stm32f3xx_hal_flash.o
HAL_FLASH_Program                                 obj/stm32f3xx_hal_flash.o
HAL_FLASH_Program_IT                              obj/stm32f3xx_hal_flash.o
HAL_FLASH_Unlock                                  obj/stm32f3xx_hal_flash.o
HAL_GPIO_DeInit                                   obj/stm32f3xx_hal_gpio.o
HAL_GPIO_EXTI_Callback                            obj/stm32f3xx_hal_gpio.o
HAL_GPIO_EXTI_IRQHandler                          obj/stm32f3xx_hal_gpio.o
HAL_GPIO_Init                                     obj/stm32f3xx_hal_gpio.o
                                                  obj/stm32f3xx_nucleo.o
                                                  obj/stm32f3xx_hal_rcc.o
                                                  obj/button.o
                                                  obj/dac.o
                                                  obj/adc.o
                                                  obj/led.o
HAL_GPIO_LockPin                                  obj/stm32f3xx_hal_gpio.o
HAL_GPIO_ReadPin                                  obj/stm32f3xx_hal_gpio.o
                                                  obj/stm32f3xx_nucleo.o
HAL_GPIO_TogglePin                                obj/stm32f3xx_hal_gpio.o
                                                  obj/stm32f3xx_nucleo.o
                                                  obj/led.o
HAL_GPIO_WritePin                                 obj/stm32f3xx_hal_gpio.o
                                                  obj/stm32f3xx_nucleo.o
                                                  obj/led.o
HAL_GetDEVID                                      obj/stm32f3xx_hal.o
HAL_GetHalVersion                                 obj/stm32f3xx_hal.o
HAL_GetREVID                                      obj/stm32f3xx_hal.o
HAL_GetTick                                       obj/stm32f3xx_hal.o
                                                  obj/stm32f3xx_hal_flash.o
                                                  obj/stm32f3xx_hal_adc_ex.o
                                                  obj/stm32f3xx_hal_rcc_ex.o
                                                  obj/stm32f3xx_hal_rcc.o
HAL_IncTick                                       obj/stm32f3xx_hal.o
                                                  obj/stm32f3xx_it.o
HAL_Init                                          obj/stm32f3xx_hal.o
                                                  obj/main.o
HAL_InitTick                                      obj/stm32f3xx_hal.o
                                                  obj/stm32f3xx_hal_rcc.o
HAL_MspDeInit                                     obj/stm32f3xx_hal.o
HAL_MspInit                                       obj/stm32f3xx_hal.o
HAL_NVIC_ClearPendingIRQ                          obj/stm32f3xx_hal_cortex.o
HAL_NVIC_DisableIRQ                               obj/stm32f3xx_hal_cortex.o
HAL_NVIC_EnableIRQ                                obj/stm32f3xx_hal_cortex.o
                                                  obj/stm32f3xx_nucleo.o
                                                  obj/timer.o
                                                  obj/button.o
                                                  obj/adc.o
HAL_NVIC_GetActive                                obj/stm32f3xx_hal_cortex.o
HAL_NVIC_GetPendingIRQ                            obj/stm32f3xx_hal_cortex.o
HAL_NVIC_GetPriority                              obj/stm32f3xx_hal_cortex.o
HAL_NVIC_GetPriorityGrouping                      obj/stm32f3xx_hal_cortex.o
HAL_NVIC_SetPendingIRQ                            obj/stm32f3xx_hal_cortex.o
HAL_NVIC_SetPriority                              obj/stm32f3xx_hal_cortex.o
                                                  obj/stm32f3xx_nucleo.o
                                                  obj/stm32f3xx_hal.o
                                                  obj/button.o
                                                  obj/adc.o
HAL_NVIC_SetPriorityGrouping                      obj/stm32f3xx_hal_cortex.o
                                                  obj/stm32f3xx_hal.o
HAL_NVIC_SystemReset                              obj/stm32f3xx_hal_cortex.o
HAL_RCCEx_GetPeriphCLKConfig                      obj/stm32f3xx_hal_rcc_ex.o
HAL_RCCEx_PeriphCLKConfig                         obj/stm32f3xx_hal_rcc_ex.o
HAL_RCC_CCSCallback                               obj/stm32f3xx_hal_rcc.o
HAL_RCC_ClockConfig                               obj/stm32f3xx_hal_rcc.o
                                                  obj/system_stm32f3xx.o
HAL_RCC_DeInit                                    obj/stm32f3xx_hal_rcc.o
HAL_RCC_DisableCSS                                obj/stm32f3xx_hal_rcc.o
HAL_RCC_EnableCSS                                 obj/stm32f3xx_hal_rcc.o
HAL_RCC_GetClockConfig                            obj/stm32f3xx_hal_rcc.o
HAL_RCC_GetHCLKFreq                               obj/stm32f3xx_hal_rcc.o
                                                  obj/stm32f3xx_hal.o
HAL_RCC_GetOscConfig                              obj/stm32f3xx_hal_rcc_ex.o
                                                  obj/stm32f3xx_hal_rcc.o
HAL_RCC_GetPCLK1Freq                              obj/stm32f3xx_hal_rcc.o
HAL_RCC_GetPCLK2Freq                              obj/stm32f3xx_hal_rcc.o
HAL_RCC_GetSysClockFreq                           obj/stm32f3xx_hal_rcc_ex.o
                                                  obj/stm32f3xx_hal_rcc.o
HAL_RCC_MCOConfig                                 obj/stm32f3xx_hal_rcc.o
HAL_RCC_NMI_IRQHandler                            obj/stm32f3xx_hal_rcc.o
HAL_RCC_OscConfig                                 obj/stm32f3xx_hal_rcc_ex.o
                                                  obj/stm32f3xx_hal_rcc.o
                                                  obj/system_stm32f3xx.o
HAL_ResumeTick                                    obj/stm32f3xx_hal.o
HAL_SYSTICK_CLKSourceConfig                       obj/stm32f3xx_hal_cortex.o
HAL_SYSTICK_Callback                              obj/stm32f3xx_hal_cortex.o
HAL_SYSTICK_Config                                obj/stm32f3xx_hal_cortex.o
                                                  obj/stm32f3xx_hal.o
HAL_SYSTICK_IRQHandler                            obj/stm32f3xx_hal_cortex.o
HAL_SuspendTick                                   obj/stm32f3xx_hal.o
HAL_TIMEx_BreakCallback                           obj/stm32f3xx_hal_tim_ex.o
                                                  obj/stm32f3xx_hal_tim.o
HAL_TIMEx_CommutationCallback                     obj/stm32f3xx_hal_tim_ex.o
                                                  obj/stm32f3xx_hal_tim.o
HAL_TIMEx_ConfigBreakDeadTime                     obj/stm32f3xx_hal_tim_ex.o
HAL_TIMEx_ConfigCommutationEvent                  obj/stm32f3xx_hal_tim_ex.o
HAL_TIMEx_ConfigCommutationEvent_DMA              obj/stm32f3xx_hal_tim_ex.o
HAL_TIMEx_ConfigCommutationEvent_IT               obj/stm32f3xx_hal_tim_ex.o
HAL_TIMEx_DMACommutationCplt                      obj/stm32f3xx_hal_tim_ex.o
                                                  obj/stm32f3xx_hal_tim.o
HAL_TIMEx_GroupChannel5                           obj/stm32f3xx_hal_tim_ex.o
HAL_TIMEx_HallSensor_DeInit                       obj/stm32f3xx_hal_tim_ex.o
HAL_TIMEx_HallSensor_GetState                     obj/stm32f3xx_hal_tim_ex.o
HAL_TIMEx_HallSensor_Init                         obj/stm32f3xx_hal_tim_ex.o
HAL_TIMEx_HallSensor_MspDeInit                    obj/stm32f3xx_hal_tim_ex.o
HAL_TIMEx_HallSensor_MspInit                      obj/stm32f3xx_hal_tim_ex.o
HAL_TIMEx_HallSensor_Start                        obj/stm32f3xx_hal_tim_ex.o
HAL_TIMEx_HallSensor_Start_DMA                    obj/stm32f3xx_hal_tim_ex.o
HAL_TIMEx_HallSensor_Start_IT                     obj/stm32f3xx_hal_tim_ex.o
HAL_TIMEx_HallSensor_Stop                         obj/stm32f3xx_hal_tim_ex.o
HAL_TIMEx_HallSensor_Stop_DMA                     obj/stm32f3xx_hal_tim_ex.o
HAL_TIMEx_HallSensor_Stop_IT                      obj/stm32f3xx_hal_tim_ex.o
HAL_TIMEx_MasterConfigSynchronization             obj/stm32f3xx_hal_tim_ex.o
HAL_TIMEx_OCN_Start                               obj/stm32f3xx_hal_tim_ex.o
HAL_TIMEx_OCN_Start_DMA                           obj/stm32f3xx_hal_tim_ex.o
HAL_TIMEx_OCN_Start_IT                            obj/stm32f3xx_hal_tim_ex.o
HAL_TIMEx_OCN_Stop                                obj/stm32f3xx_hal_tim_ex.o
HAL_TIMEx_OCN_Stop_DMA                            obj/stm32f3xx_hal_tim_ex.o
HAL_TIMEx_OCN_Stop_IT                             obj/stm32f3xx_hal_tim_ex.o
HAL_TIMEx_OnePulseN_Start                         obj/stm32f3xx_hal_tim_ex.o
HAL_TIMEx_OnePulseN_Start_IT                      obj/stm32f3xx_hal_tim_ex.o
HAL_TIMEx_OnePulseN_Stop                          obj/stm32f3xx_hal_tim_ex.o
HAL_TIMEx_OnePulseN_Stop_IT                       obj/stm32f3xx_hal_tim_ex.o
HAL_TIMEx_PWMN_Start                              obj/stm32f3xx_hal_tim_ex.o
HAL_TIMEx_PWMN_Start_DMA                          obj/stm32f3xx_hal_tim_ex.o
HAL_TIMEx_PWMN_Start_IT                           obj/stm32f3xx_hal_tim_ex.o
HAL_TIMEx_PWMN_Stop                               obj/stm32f3xx_hal_tim_ex.o
HAL_TIMEx_PWMN_Stop_DMA                           obj/stm32f3xx_hal_tim_ex.o
HAL_TIMEx_PWMN_Stop_IT                            obj/stm32f3xx_hal_tim_ex.o
HAL_TIMEx_RemapConfig                             obj/stm32f3xx_hal_tim_ex.o
HAL_TIM_Base_DeInit                               obj/stm32f3xx_hal_tim.o
HAL_TIM_Base_GetState                             obj/stm32f3xx_hal_tim.o
HAL_TIM_Base_Init                                 obj/stm32f3xx_hal_tim.o
                                                  obj/timer.o
HAL_TIM_Base_MspDeInit                            obj/timer.o
HAL_TIM_Base_MspInit                              obj/timer.o
HAL_TIM_Base_Start                                obj/stm32f3xx_hal_tim.o
HAL_TIM_Base_Start_DMA                            obj/stm32f3xx_hal_tim.o
HAL_TIM_Base_Start_IT                             obj/stm32f3xx_hal_tim.o
                                                  obj/timer.o
HAL_TIM_Base_Stop                                 obj/stm32f3xx_hal_tim.o
HAL_TIM_Base_Stop_DMA                             obj/stm32f3xx_hal_tim.o
HAL_TIM_Base_Stop_IT                              obj/stm32f3xx_hal_tim.o
HAL_TIM_ConfigClockSource                         obj/stm32f3xx_hal_tim.o
HAL_TIM_ConfigOCrefClear                          obj/stm32f3xx_hal_tim_ex.o
                                                  obj/stm32f3xx_hal_tim.o
HAL_TIM_ConfigTI1Input                            obj/stm32f3xx_hal_tim.o
HAL_TIM_DMABurst_ReadStart                        obj/stm32f3xx_hal_tim.o
HAL_TIM_DMABurst_ReadStop                         obj/stm32f3xx_hal_tim.o
HAL_TIM_DMABurst_WriteStart                       obj/stm32f3xx_hal_tim.o
HAL_TIM_DMABurst_WriteStop                        obj/stm32f3xx_hal_tim.o
HAL_TIM_DMACaptureCplt                            obj/stm32f3xx_hal_tim.o
                                                  obj/stm32f3xx_hal_tim_ex.o
HAL_TIM_DMADelayPulseCplt                         obj/stm32f3xx_hal_tim.o
                                                  obj/stm32f3xx_hal_tim_ex.o
HAL_TIM_DMAError                                  obj/stm32f3xx_hal_tim.o
                                                  obj/stm32f3xx_hal_tim_ex.o
HAL_TIM_Encoder_DeInit                            obj/stm32f3xx_hal_tim.o
HAL_TIM_Encoder_GetState                          obj/stm32f3xx_hal_tim.o
HAL_TIM_Encoder_Init                              obj/stm32f3xx_hal_tim.o
HAL_TIM_Encoder_MspDeInit                         obj/stm32f3xx_hal_tim.o
HAL_TIM_Encoder_MspInit                           obj/stm32f3xx_hal_tim.o
HAL_TIM_Encoder_Start                             obj/stm32f3xx_hal_tim.o
HAL_TIM_Encoder_Start_DMA                         obj/stm32f3xx_hal_tim.o
HAL_TIM_Encoder_Start_IT                          obj/stm32f3xx_hal_tim.o
HAL_TIM_Encoder_Stop                              obj/stm32f3xx_hal_tim.o
HAL_TIM_Encoder_Stop_DMA                          obj/stm32f3xx_hal_tim.o
HAL_TIM_Encoder_Stop_IT                           obj/stm32f3xx_hal_tim.o
HAL_TIM_ErrorCallback                             obj/stm32f3xx_hal_tim.o
HAL_TIM_GenerateEvent                             obj/stm32f3xx_hal_tim.o
HAL_TIM_IC_CaptureCallback                        obj/stm32f3xx_hal_tim.o
HAL_TIM_IC_ConfigChannel                          obj/stm32f3xx_hal_tim.o
HAL_TIM_IC_DeInit                                 obj/stm32f3xx_hal_tim.o
HAL_TIM_IC_GetState                               obj/stm32f3xx_hal_tim.o
HAL_TIM_IC_Init                                   obj/stm32f3xx_hal_tim.o
HAL_TIM_IC_MspDeInit                              obj/stm32f3xx_hal_tim.o
HAL_TIM_IC_MspInit                                obj/stm32f3xx_hal_tim.o
HAL_TIM_IC_Start                                  obj/stm32f3xx_hal_tim.o
HAL_TIM_IC_Start_DMA                              obj/stm32f3xx_hal_tim.o
HAL_TIM_IC_Start_IT                               obj/stm32f3xx_hal_tim.o
HAL_TIM_IC_Stop                                   obj/stm32f3xx_hal_tim.o
HAL_TIM_IC_Stop_DMA                               obj/stm32f3xx_hal_tim.o
HAL_TIM_IC_Stop_IT                                obj/stm32f3xx_hal_tim.o
HAL_TIM_IRQHandler                                obj/stm32f3xx_hal_tim.o
                                                  obj/timer.o
HAL_TIM_OC_ConfigChannel                          obj/stm32f3xx_hal_tim_ex.o
                                                  obj/stm32f3xx_hal_tim.o
HAL_TIM_OC_DeInit                                 obj/stm32f3xx_hal_tim.o
HAL_TIM_OC_DelayElapsedCallback                   obj/stm32f3xx_hal_tim.o
HAL_TIM_OC_GetState                               obj/stm32f3xx_hal_tim.o
HAL_TIM_OC_Init                                   obj/stm32f3xx_hal_tim.o
HAL_TIM_OC_MspDeInit                              obj/stm32f3xx_hal_tim.o
HAL_TIM_OC_MspInit                                obj/stm32f3xx_hal_tim.o
HAL_TIM_OC_Start                                  obj/stm32f3xx_hal_tim.o
HAL_TIM_OC_Start_DMA                              obj/stm32f3xx_hal_tim.o
HAL_TIM_OC_Start_IT                               obj/stm32f3xx_hal_tim.o
HAL_TIM_OC_Stop                                   obj/stm32f3xx_hal_tim.o
HAL_TIM_OC_Stop_DMA                               obj/stm32f3xx_hal_tim.o
HAL_TIM_OC_Stop_IT                                obj/stm32f3xx_hal_tim.o
HAL_TIM_OnePulse_ConfigChannel                    obj/stm32f3xx_hal_tim.o
HAL_TIM_OnePulse_DeInit                           obj/stm32f3xx_hal_tim.o
HAL_TIM_OnePulse_GetState                         obj/stm32f3xx_hal_tim.o
HAL_TIM_OnePulse_Init                             obj/stm32f3xx_hal_tim.o
HAL_TIM_OnePulse_MspDeInit                        obj/stm32f3xx_hal_tim.o
HAL_TIM_OnePulse_MspInit                          obj/stm32f3xx_hal_tim.o
HAL_TIM_OnePulse_Start                            obj/stm32f3xx_hal_tim.o
HAL_TIM_OnePulse_Start_IT                         obj/stm32f3xx_hal_tim.o
HAL_TIM_OnePulse_Stop                             obj/stm32f3xx_hal_tim.o
HAL_TIM_OnePulse_Stop_IT                          obj/stm32f3xx_hal_tim.o
HAL_TIM_PWM_ConfigChannel                         obj/stm32f3xx_hal_tim_ex.o
                                                  obj/stm32f3xx_hal_tim.o
HAL_TIM_PWM_DeInit                                obj/stm32f3xx_hal_tim.o
HAL_TIM_PWM_GetState                              obj/stm32f3xx_hal_tim.o
HAL_TIM_PWM_Init                                  obj/stm32f3xx_hal_tim.o
HAL_TIM_PWM_MspDeInit                             obj/stm32f3xx_hal_tim.o
HAL_TIM_PWM_MspInit                               obj/stm32f3xx_hal_tim.o
HAL_TIM_PWM_PulseFinishedCallback                 obj/stm32f3xx_hal_tim.o
HAL_TIM_PWM_Start                                 obj/stm32f3xx_hal_tim.o
HAL_TIM_PWM_Start_DMA                             obj/stm32f3xx_hal_tim.o
HAL_TIM_PWM_Start_IT                              obj/stm32f3xx_hal_tim.o
HAL_TIM_PWM_Stop                                  obj/stm32f3xx_hal_tim.o
HAL_TIM_PWM_Stop_DMA                              obj/stm32f3xx_hal_tim.o
HAL_TIM_PWM_Stop_IT                               obj/stm32f3xx_hal_tim.o
HAL_TIM_PeriodElapsedCallback                     obj/stm32f3xx_hal_tim.o
HAL_TIM_ReadCapturedValue                         obj/stm32f3xx_hal_tim.o
HAL_TIM_SlaveConfigSynchronization                obj/stm32f3xx_hal_tim.o
HAL_TIM_TriggerCallback                           obj/stm32f3xx_hal_tim.o
HRTIM1_FLT_IRQHandler                             obj/startup_stm32f334x8.o
HRTIM1_Master_IRQHandler                          obj/startup_stm32f334x8.o
HRTIM1_TIMA_IRQHandler                            obj/startup_stm32f334x8.o
HRTIM1_TIMB_IRQHandler                            obj/startup_stm32f334x8.o
HRTIM1_TIMC_IRQHandler                            obj/startup_stm32f334x8.o
HRTIM1_TIMD_IRQHandler                            obj/startup_stm32f334x8.o
HRTIM1_TIME_IRQHandler                            obj/startup_stm32f334x8.o
HardFault_Handler                                 obj/stm32f3xx_it.o
                                                  obj/startup_stm32f334x8.o
I2C1_ER_IRQHandler                                obj/startup_stm32f334x8.o
I2C1_EV_IRQHandler                                obj/startup_stm32f334x8.o
LED1_OFF                                          obj/led.o
                                                  obj/adc.o
                                                  obj/misc.o
LED1_ON                                           obj/led.o
                                                  obj/adc.o
                                                  obj/misc.o
LED1_Toggle                                       obj/led.o
LED2_OFF                                          obj/led.o
                                                  obj/button.o
                                                  obj/misc.o
LED2_ON                                           obj/led.o
                                                  obj/button.o
                                                  obj/misc.o
LED2_Toggle                                       obj/led.o
LED_Init                                          obj/led.o
                                                  obj/main.o
LED_PIN                                           obj/stm32f3xx_nucleo.o
LED_PORT                                          obj/stm32f3xx_nucleo.o
MemManage_Handler                                 obj/stm32f3xx_it.o
                                                  obj/startup_stm32f334x8.o
NMI_Handler                                       obj/stm32f3xx_it.o
                                                  obj/startup_stm32f334x8.o
PLLMULFactorTable                                 obj/stm32f3xx_hal_rcc_ex.o
PVD_IRQHandler                                    obj/startup_stm32f334x8.o
PendSV_Handler                                    obj/stm32f3xx_it.o
                                                  obj/startup_stm32f334x8.o
PredivFactorTable                                 obj/stm32f3xx_hal_rcc_ex.o
RCC_IRQHandler                                    obj/startup_stm32f334x8.o
RTC_Alarm_IRQHandler                              obj/startup_stm32f334x8.o
RTC_WKUP_IRQHandler                               obj/startup_stm32f334x8.o
Reset_Handler                                     obj/startup_stm32f334x8.o
SPI1_IRQHandler                                   obj/startup_stm32f334x8.o
SVC_Handler                                       obj/stm32f3xx_it.o
                                                  obj/startup_stm32f334x8.o
SysTick_Handler                                   obj/stm32f3xx_it.o
                                                  obj/startup_stm32f334x8.o
SystemClock_Config                                obj/system_stm32f3xx.o
                                                  obj/main.o
SystemCoreClock                                   obj/system_stm32f3xx.o
                                                  obj/stm32f3xx_hal_rcc.o
SystemCoreClockUpdate                             obj/system_stm32f3xx.o
SystemInit                                        obj/system_stm32f3xx.o
                                                  obj/startup_stm32f334x8.o
TAMP_STAMP_IRQHandler                             obj/startup_stm32f334x8.o
TIM1_BRK_TIM15_IRQHandler                         obj/startup_stm32f334x8.o
TIM1_CC_IRQHandler                                obj/startup_stm32f334x8.o
TIM1_TRG_COM_TIM17_IRQHandler                     obj/startup_stm32f334x8.o
TIM1_UP_TIM16_IRQHandler                          obj/startup_stm32f334x8.o
TIM2_IRQHandler                                   obj/timer.o
TIM2_Start                                        obj/timer.o
TIM3_IRQHandler                                   obj/startup_stm32f334x8.o
TIM6_DAC1_IRQHandler                              obj/startup_stm32f334x8.o
TIM7_DAC2_IRQHandler                              obj/startup_stm32f334x8.o
TIM_Base_SetConfig                                obj/stm32f3xx_hal_tim.o
                                                  obj/stm32f3xx_hal_tim_ex.o
TIM_CCxChannelCmd                                 obj/stm32f3xx_hal_tim.o
                                                  obj/stm32f3xx_hal_tim_ex.o
TIM_ETR_SetConfig                                 obj/stm32f3xx_hal_tim.o
                                                  obj/stm32f3xx_hal_tim_ex.o
TIM_OC1_SetConfig                                 obj/stm32f3xx_hal_tim.o
                                                  obj/stm32f3xx_hal_tim_ex.o
TIM_OC2_SetConfig                                 obj/stm32f3xx_hal_tim.o
                                                  obj/stm32f3xx_hal_tim_ex.o
TIM_OC3_SetConfig                                 obj/stm32f3xx_hal_tim.o
                                                  obj/stm32f3xx_hal_tim_ex.o
TIM_OC4_SetConfig                                 obj/stm32f3xx_hal_tim.o
                                                  obj/stm32f3xx_hal_tim_ex.o
TIM_TI1_SetConfig                                 obj/stm32f3xx_hal_tim.o
                                                  obj/stm32f3xx_hal_tim_ex.o
USART1_IRQHandler                                 obj/startup_stm32f334x8.o
USART2_IRQHandler                                 obj/startup_stm32f334x8.o
USART3_IRQHandler                                 obj/startup_stm32f334x8.o
UsageFault_Handler                                obj/stm32f3xx_it.o
                                                  obj/startup_stm32f334x8.o
WWDG_IRQHandler                                   obj/startup_stm32f334x8.o
_ITM_deregisterTMCloneTable                       /mnt/flame/soft/stm32/toolchain/lib/gcc/arm-none-eabi/4.9.2/crtbegin.o
_ITM_registerTMCloneTable                         /mnt/flame/soft/stm32/toolchain/lib/gcc/arm-none-eabi/4.9.2/crtbegin.o
_Jv_RegisterClasses                               /mnt/flame/soft/stm32/toolchain/lib/gcc/arm-none-eabi/4.9.2/crtbegin.o
__TMC_END__                                       /mnt/flame/soft/stm32/toolchain/lib/gcc/arm-none-eabi/4.9.2/crtend.o
                                                  /mnt/flame/soft/stm32/toolchain/lib/gcc/arm-none-eabi/4.9.2/crtbegin.o
__adddf3                                          /mnt/flame/soft/stm32/toolchain/lib/gcc/arm-none-eabi/4.9.2/libgcc.a(_arm_addsubdf3.o)
__aeabi_d2iz                                      /mnt/flame/soft/stm32/toolchain/lib/gcc/arm-none-eabi/4.9.2/libgcc.a(_arm_fixdfsi.o)
                                                  obj/adc.o
__aeabi_dadd                                      /mnt/flame/soft/stm32/toolchain/lib/gcc/arm-none-eabi/4.9.2/libgcc.a(_arm_addsubdf3.o)
__aeabi_ddiv                                      /mnt/flame/soft/stm32/toolchain/lib/gcc/arm-none-eabi/4.9.2/libgcc.a(_arm_muldivdf3.o)
                                                  obj/adc.o
__aeabi_dmul                                      /mnt/flame/soft/stm32/toolchain/lib/gcc/arm-none-eabi/4.9.2/libgcc.a(_arm_muldivdf3.o)
                                                  obj/adc.o
__aeabi_drsub                                     /mnt/flame/soft/stm32/toolchain/lib/gcc/arm-none-eabi/4.9.2/libgcc.a(_arm_addsubdf3.o)
__aeabi_dsub                                      /mnt/flame/soft/stm32/toolchain/lib/gcc/arm-none-eabi/4.9.2/libgcc.a(_arm_addsubdf3.o)
__aeabi_f2d                                       /mnt/flame/soft/stm32/toolchain/lib/gcc/arm-none-eabi/4.9.2/libgcc.a(_arm_addsubdf3.o)
                                                  obj/adc.o
__aeabi_i2d                                       /mnt/flame/soft/stm32/toolchain/lib/gcc/arm-none-eabi/4.9.2/libgcc.a(_arm_addsubdf3.o)
__aeabi_l2d                                       /mnt/flame/soft/stm32/toolchain/lib/gcc/arm-none-eabi/4.9.2/libgcc.a(_arm_addsubdf3.o)
__aeabi_llsr                                      /mnt/flame/soft/stm32/toolchain/lib/gcc/arm-none-eabi/4.9.2/libgcc.a(_lshrdi3.o)
                                                  obj/stm32f3xx_hal_flash.o
__aeabi_ui2d                                      /mnt/flame/soft/stm32/toolchain/lib/gcc/arm-none-eabi/4.9.2/libgcc.a(_arm_addsubdf3.o)
__aeabi_ul2d                                      /mnt/flame/soft/stm32/toolchain/lib/gcc/arm-none-eabi/4.9.2/libgcc.a(_arm_addsubdf3.o)
__bss_end__                                       /mnt/flame/soft/stm32/toolchain/lib/gcc/arm-none-eabi/4.9.2/../../../../arm-none-eabi/lib/crt0.o
__bss_start__                                     /mnt/flame/soft/stm32/toolchain/lib/gcc/arm-none-eabi/4.9.2/../../../../arm-none-eabi/lib/crt0.o
__call_exitprocs                                  /mnt/flame/soft/stm32/toolchain/lib/gcc/arm-none-eabi/4.9.2/../../../../arm-none-eabi/lib/libc.a(lib_a-__call_atexit.o)
                                                  /mnt/flame/soft/stm32/toolchain/lib/gcc/arm-none-eabi/4.9.2/../../../../arm-none-eabi/lib/libc.a(lib_a-exit.o)
__deregister_frame_info                           /mnt/flame/soft/stm32/toolchain/lib/gcc/arm-none-eabi/4.9.2/crtbegin.o
__divdf3                                          /mnt/flame/soft/stm32/toolchain/lib/gcc/arm-none-eabi/4.9.2/libgcc.a(_arm_muldivdf3.o)
__dso_handle                                      /mnt/flame/soft/stm32/toolchain/lib/gcc/arm-none-eabi/4.9.2/crtbegin.o
__end__                                           /mnt/flame/soft/stm32/toolchain/lib/gcc/arm-none-eabi/4.9.2/../../../../arm-none-eabi/lib/crt0.o
__errno                                           /mnt/flame/soft/stm32/toolchain/lib/gcc/arm-none-eabi/4.9.2/../../../../arm-none-eabi/lib/libc.a(lib_a-errno.o)
                                                  /mnt/flame/soft/stm32/toolchain/lib/gcc/arm-none-eabi/4.9.2/../../../../arm-none-eabi/lib/libc.a(lib_a-syscalls.o)
__extendsfdf2                                     /mnt/flame/soft/stm32/toolchain/lib/gcc/arm-none-eabi/4.9.2/libgcc.a(_arm_addsubdf3.o)
__fini_array_end                                  /mnt/flame/soft/stm32/toolchain/lib/gcc/arm-none-eabi/4.9.2/../../../../arm-none-eabi/lib/libc.a(lib_a-fini.o)
__fini_array_start                                /mnt/flame/soft/stm32/toolchain/lib/gcc/arm-none-eabi/4.9.2/../../../../arm-none-eabi/lib/libc.a(lib_a-fini.o)
__fixdfsi                                         /mnt/flame/soft/stm32/toolchain/lib/gcc/arm-none-eabi/4.9.2/libgcc.a(_arm_fixdfsi.o)
__floatdidf                                       /mnt/flame/soft/stm32/toolchain/lib/gcc/arm-none-eabi/4.9.2/libgcc.a(_arm_addsubdf3.o)
__floatsidf                                       /mnt/flame/soft/stm32/toolchain/lib/gcc/arm-none-eabi/4.9.2/libgcc.a(_arm_addsubdf3.o)
__floatundidf                                     /mnt/flame/soft/stm32/toolchain/lib/gcc/arm-none-eabi/4.9.2/libgcc.a(_arm_addsubdf3.o)
__floatunsidf                                     /mnt/flame/soft/stm32/toolchain/lib/gcc/arm-none-eabi/4.9.2/libgcc.a(_arm_addsubdf3.o)
__fp_lock_all                                     /mnt/flame/soft/stm32/toolchain/lib/gcc/arm-none-eabi/4.9.2/../../../../arm-none-eabi/lib/libc.a(lib_a-findfp.o)
__fp_unlock_all                                   /mnt/flame/soft/stm32/toolchain/lib/gcc/arm-none-eabi/4.9.2/../../../../arm-none-eabi/lib/libc.a(lib_a-findfp.o)
__init_array_end                                  /mnt/flame/soft/stm32/toolchain/lib/gcc/arm-none-eabi/4.9.2/../../../../arm-none-eabi/lib/libc.a(lib_a-init.o)
__init_array_start                                /mnt/flame/soft/stm32/toolchain/lib/gcc/arm-none-eabi/4.9.2/../../../../arm-none-eabi/lib/libc.a(lib_a-init.o)
__libc_fini_array                                 /mnt/flame/soft/stm32/toolchain/lib/gcc/arm-none-eabi/4.9.2/../../../../arm-none-eabi/lib/libc.a(lib_a-fini.o)
                                                  /mnt/flame/soft/stm32/toolchain/lib/gcc/arm-none-eabi/4.9.2/../../../../arm-none-eabi/lib/crt0.o
__libc_init_array                                 /mnt/flame/soft/stm32/toolchain/lib/gcc/arm-none-eabi/4.9.2/../../../../arm-none-eabi/lib/libc.a(lib_a-init.o)
                                                  obj/startup_stm32f334x8.o
                                                  /mnt/flame/soft/stm32/toolchain/lib/gcc/arm-none-eabi/4.9.2/../../../../arm-none-eabi/lib/crt0.o
__lshrdi3                                         /mnt/flame/soft/stm32/toolchain/lib/gcc/arm-none-eabi/4.9.2/libgcc.a(_lshrdi3.o)
__malloc_av_                                      /mnt/flame/soft/stm32/toolchain/lib/gcc/arm-none-eabi/4.9.2/../../../../arm-none-eabi/lib/libc.a(lib_a-mallocr.o)
                                                  /mnt/flame/soft/stm32/toolchain/lib/gcc/arm-none-eabi/4.9.2/../../../../arm-none-eabi/lib/libc.a(lib_a-freer.o)
__malloc_current_mallinfo                         /mnt/flame/soft/stm32/toolchain/lib/gcc/arm-none-eabi/4.9.2/../../../../arm-none-eabi/lib/libc.a(lib_a-mallocr.o)
                                                  /mnt/flame/soft/stm32/toolchain/lib/gcc/arm-none-eabi/4.9.2/../../../../arm-none-eabi/lib/libc.a(lib_a-freer.o)
__malloc_lock                                     /mnt/flame/soft/stm32/toolchain/lib/gcc/arm-none-eabi/4.9.2/../../../../arm-none-eabi/lib/libc.a(lib_a-mlock.o)
                                                  /mnt/flame/soft/stm32/toolchain/lib/gcc/arm-none-eabi/4.9.2/../../../../arm-none-eabi/lib/libc.a(lib_a-freer.o)
                                                  /mnt/flame/soft/stm32/toolchain/lib/gcc/arm-none-eabi/4.9.2/../../../../arm-none-eabi/lib/libc.a(lib_a-mallocr.o)
__malloc_max_sbrked_mem                           /mnt/flame/soft/stm32/toolchain/lib/gcc/arm-none-eabi/4.9.2/../../../../arm-none-eabi/lib/libc.a(lib_a-mallocr.o)
__malloc_max_total_mem                            /mnt/flame/soft/stm32/toolchain/lib/gcc/arm-none-eabi/4.9.2/../../../../arm-none-eabi/lib/libc.a(lib_a-mallocr.o)
__malloc_sbrk_base                                /mnt/flame/soft/stm32/toolchain/lib/gcc/arm-none-eabi/4.9.2/../../../../arm-none-eabi/lib/libc.a(lib_a-mallocr.o)
                                                  /mnt/flame/soft/stm32/toolchain/lib/gcc/arm-none-eabi/4.9.2/../../../../arm-none-eabi/lib/libc.a(lib_a-freer.o)
__malloc_top_pad                                  /mnt/flame/soft/stm32/toolchain/lib/gcc/arm-none-eabi/4.9.2/../../../../arm-none-eabi/lib/libc.a(lib_a-mallocr.o)
                                                  /mnt/flame/soft/stm32/toolchain/lib/gcc/arm-none-eabi/4.9.2/../../../../arm-none-eabi/lib/libc.a(lib_a-freer.o)
__malloc_trim_threshold                           /mnt/flame/soft/stm32/toolchain/lib/gcc/arm-none-eabi/4.9.2/../../../../arm-none-eabi/lib/libc.a(lib_a-mallocr.o)
                                                  /mnt/flame/soft/stm32/toolchain/lib/gcc/arm-none-eabi/4.9.2/../../../../arm-none-eabi/lib/libc.a(lib_a-freer.o)
__malloc_unlock                                   /mnt/flame/soft/stm32/toolchain/lib/gcc/arm-none-eabi/4.9.2/../../../../arm-none-eabi/lib/libc.a(lib_a-mlock.o)
                                                  /mnt/flame/soft/stm32/toolchain/lib/gcc/arm-none-eabi/4.9.2/../../../../arm-none-eabi/lib/libc.a(lib_a-freer.o)
                                                  /mnt/flame/soft/stm32/toolchain/lib/gcc/arm-none-eabi/4.9.2/../../../../arm-none-eabi/lib/libc.a(lib_a-mallocr.o)
__muldf3                                          /mnt/flame/soft/stm32/toolchain/lib/gcc/arm-none-eabi/4.9.2/libgcc.a(_arm_muldivdf3.o)
__preinit_array_end                               /mnt/flame/soft/stm32/toolchain/lib/gcc/arm-none-eabi/4.9.2/../../../../arm-none-eabi/lib/libc.a(lib_a-init.o)
__preinit_array_start                             /mnt/flame/soft/stm32/toolchain/lib/gcc/arm-none-eabi/4.9.2/../../../../arm-none-eabi/lib/libc.a(lib_a-init.o)
__register_exitproc                               /mnt/flame/soft/stm32/toolchain/lib/gcc/arm-none-eabi/4.9.2/../../../../arm-none-eabi/lib/libc.a(lib_a-__atexit.o)
                                                  /mnt/flame/soft/stm32/toolchain/lib/gcc/arm-none-eabi/4.9.2/../../../../arm-none-eabi/lib/libc.a(lib_a-atexit.o)